Component: ARM Compiler 5.06 update 6 (build 750) Tool: armlink [4d35ed]

==============================================================================

Section Cross References

    startup_stm32f427xx.o(STACK) refers (Special) to heapauxi.o(.text) for __use_two_region_memory
    startup_stm32f427xx.o(HEAP) refers (Special) to heapauxi.o(.text) for __use_two_region_memory
    startup_stm32f427xx.o(RESET) refers (Special) to heapauxi.o(.text) for __use_two_region_memory
    startup_stm32f427xx.o(RESET) refers to startup_stm32f427xx.o(STACK) for __initial_sp
    startup_stm32f427xx.o(RESET) refers to startup_stm32f427xx.o(.text) for Reset_Handler
    startup_stm32f427xx.o(RESET) refers to stm32f4xx_it.o(i.NMI_Handler) for NMI_Handler
    startup_stm32f427xx.o(RESET) refers to stm32f4xx_it.o(i.HardFault_Handler) for HardFault_Handler
    startup_stm32f427xx.o(RESET) refers to stm32f4xx_it.o(i.MemManage_Handler) for MemManage_Handler
    startup_stm32f427xx.o(RESET) refers to stm32f4xx_it.o(i.BusFault_Handler) for BusFault_Handler
    startup_stm32f427xx.o(RESET) refers to stm32f4xx_it.o(i.UsageFault_Handler) for UsageFault_Handler
    startup_stm32f427xx.o(RESET) refers to stm32f4xx_it.o(i.SVC_Handler) for SVC_Handler
    startup_stm32f427xx.o(RESET) refers to stm32f4xx_it.o(i.DebugMon_Handler) for DebugMon_Handler
    startup_stm32f427xx.o(RESET) refers to stm32f4xx_it.o(i.PendSV_Handler) for PendSV_Handler
    startup_stm32f427xx.o(RESET) refers to stm32f4xx_it.o(i.SysTick_Handler) for SysTick_Handler
    startup_stm32f427xx.o(RESET) refers to stm32f4xx_it.o(i.CAN1_RX0_IRQHandler) for CAN1_RX0_IRQHandler
    startup_stm32f427xx.o(RESET) refers to stm32f4xx_it.o(i.TIM2_IRQHandler) for TIM2_IRQHandler
    startup_stm32f427xx.o(RESET) refers to stm32f4xx_it.o(i.USART3_IRQHandler) for USART3_IRQHandler
    startup_stm32f427xx.o(RESET) refers to stm32f4xx_it.o(i.USART6_IRQHandler) for USART6_IRQHandler
    startup_stm32f427xx.o(RESET) refers to stm32f4xx_it.o(i.UART7_IRQHandler) for UART7_IRQHandler
    startup_stm32f427xx.o(RESET) refers to stm32f4xx_it.o(i.UART8_IRQHandler) for UART8_IRQHandler
    startup_stm32f427xx.o(.text) refers (Special) to heapauxi.o(.text) for __use_two_region_memory
    startup_stm32f427xx.o(.text) refers to system_stm32f4xx.o(i.SystemInit) for SystemInit
    startup_stm32f427xx.o(.text) refers to __main.o(!!!main) for __main
    startup_stm32f427xx.o(.text) refers to startup_stm32f427xx.o(HEAP) for Heap_Mem
    startup_stm32f427xx.o(.text) refers to startup_stm32f427xx.o(STACK) for Stack_Mem
    main.o(i.SystemClock_Config) refers to rt_memclr_w.o(.text) for __aeabi_memclr4
    main.o(i.SystemClock_Config) refers to stm32f4xx_hal_rcc.o(i.HAL_RCC_OscConfig) for HAL_RCC_OscConfig
    main.o(i.SystemClock_Config) refers to main.o(i.Error_Handler) for Error_Handler
    main.o(i.SystemClock_Config) refers to stm32f4xx_hal_rcc.o(i.HAL_RCC_ClockConfig) for HAL_RCC_ClockConfig
    main.o(i.main) refers to stm32f4xx_hal.o(i.HAL_Init) for HAL_Init
    main.o(i.main) refers to main.o(i.SystemClock_Config) for SystemClock_Config
    main.o(i.main) refers to gpio.o(i.MX_GPIO_Init) for MX_GPIO_Init
    main.o(i.main) refers to can.o(i.MX_CAN1_Init) for MX_CAN1_Init
    main.o(i.main) refers to can.o(i.MX_CAN2_Init) for MX_CAN2_Init
    main.o(i.main) refers to usart.o(i.MX_USART6_UART_Init) for MX_USART6_UART_Init
    main.o(i.main) refers to tim.o(i.MX_TIM2_Init) for MX_TIM2_Init
    main.o(i.main) refers to usart.o(i.MX_UART7_Init) for MX_UART7_Init
    main.o(i.main) refers to usart.o(i.MX_USART3_UART_Init) for MX_USART3_UART_Init
    main.o(i.main) refers to usart.o(i.MX_UART8_Init) for MX_UART8_Init
    main.o(i.main) refers to bsp_can.o(i.can_filter_init) for can_filter_init
    main.o(i.main) refers to stm32f4xx_hal_uart.o(i.HAL_UART_Receive_IT) for HAL_UART_Receive_IT
    main.o(i.main) refers to stm32f4xx_hal_tim.o(i.HAL_TIM_Base_Start_IT) for HAL_TIM_Base_Start_IT
    main.o(i.main) refers to pid.o(i.speed_pid_init) for speed_pid_init
    main.o(i.main) refers to pid.o(i.set_speed_pid) for set_speed_pid
    main.o(i.main) refers to pid.o(i.angle_controller_init) for angle_controller_init
    main.o(i.main) refers to pid.o(i.set_angle_pid) for set_angle_pid
    main.o(i.main) refers to mecanum_control.o(i.mecanum_init) for mecanum_init
    main.o(i.main) refers to stp_23l.o(i.STP23L_Init) for STP23L_Init
    main.o(i.main) refers to stp_23l.o(i.STP23L_UART8_Init) for STP23L_UART8_Init
    main.o(i.main) refers to stm32f4xx_hal.o(i.HAL_Delay) for HAL_Delay
    main.o(i.main) refers to communication.o(i.UART_SendData) for UART_SendData
    main.o(i.main) refers to communication.o(i.processReceivedData) for processReceivedData
    main.o(i.main) refers to stm32f4xx_hal_gpio.o(i.HAL_GPIO_TogglePin) for HAL_GPIO_TogglePin
    main.o(i.main) refers to communication.o(.data) for rxByte
    main.o(i.main) refers to usart.o(.bss) for huart3
[...]
    i.CAN_cmd_chassis                        0x08000474   Section        0  can_receive.o(i.CAN_cmd_chassis)
    i.DebugMon_Handler                       0x080004c4   Section        0  stm32f4xx_it.o(i.DebugMon_Handler)
    i.Error_Handler                          0x080004c6   Section        0  main.o(i.Error_Handler)
    i.HAL_CAN_ActivateNotification           0x080004cc   Section        0  stm32f4xx_hal_can.o(i.HAL_CAN_ActivateNotification)
    i.HAL_CAN_AddTxMessage                   0x080004f6   Section        0  stm32f4xx_hal_can.o(i.HAL_CAN_AddTxMessage)
    i.HAL_CAN_ConfigFilter                   0x08000640   Section        0  stm32f4xx_hal_can.o(i.HAL_CAN_ConfigFilter)
    i.HAL_CAN_ErrorCallback                  0x08000760   Section        0  stm32f4xx_hal_can.o(i.HAL_CAN_ErrorCallback)
    i.HAL_CAN_GetRxMessage                   0x08000762   Section        0  stm32f4xx_hal_can.o(i.HAL_CAN_GetRxMessage)
    i.HAL_CAN_IRQHandler                     0x080008f6   Section        0  stm32f4xx_hal_can.o(i.HAL_CAN_IRQHandler)
    i.HAL_CAN_Init                           0x08000b44   Section        0  stm32f4xx_hal_can.o(i.HAL_CAN_Init)
    i.HAL_CAN_MspInit                        0x08000cb8   Section        0  can.o(i.HAL_CAN_MspInit)
    i.HAL_CAN_RxFifo0FullCallback            0x08000e0c   Section        0  stm32f4xx_hal_can.o(i.HAL_CAN_RxFifo0FullCallback)
    i.HAL_CAN_RxFifo0MsgPendingCallback      0x08000e10   Section        0  can_receive.o(i.HAL_CAN_RxFifo0MsgPendingCallback)
    i.HAL_CAN_RxFifo1FullCallback            0x08000ef8   Section        0  stm32f4xx_hal_can.o(i.HAL_CAN_RxFifo1FullCallback)
    i.HAL_CAN_RxFifo1MsgPendingCallback      0x08000efa   Section        0  stm32f4xx_hal_can.o(i.HAL_CAN_RxFifo1MsgPendingCallback)
    i.HAL_CAN_SleepCallback                  0x08000efc   Section        0  stm32f4xx_hal_can.o(i.HAL_CAN_SleepCallback)
    i.HAL_CAN_Start                          0x08000efe   Section        0  stm32f4xx_hal_can.o(i.HAL_CAN_Start)
    i.HAL_CAN_TxMailbox0AbortCallback        0x08000f5c   Section        0  stm32f4xx_hal_can.o(i.HAL_CAN_TxMailbox0AbortCallback)
    i.HAL_CAN_TxMailbox0CompleteCallback     0x08000f5e   Section        0  stm32f4xx_hal_can.o(i.HAL_CAN_TxMailbox0CompleteCallback)
    i.HAL_CAN_TxMailbox1AbortCallback        0x08000f60   Section        0  stm32f4xx_hal_can.o(i.HAL_CAN_TxMailbox1AbortCallback)
    i.HAL_CAN_TxMailbox1CompleteCallback     0x08000f62   Section        0  stm32f4xx_hal_can.o(i.HAL_CAN_TxMailbox1CompleteCallback)
    i.HAL_CAN_TxMailbox2AbortCallback        0x08000f64   Section        0  stm32f4xx_hal_can.o(i.HAL_CAN_TxMailbox2AbortCallback)
    i.HAL_CAN_TxMailbox2CompleteCallback     0x08000f66   Section        0  stm32f4xx_hal_can.o(i.HAL_CAN_TxMailbox2CompleteCallback)
    i.HAL_CAN_WakeUpFromRxMsgCallback        0x08000f68   Section        0  stm32f4xx_hal_can.o(i.HAL_CAN_WakeUpFromRxMsgCallback)
    i.HAL_DMA_Abort                          0x08000f6a   Section        0  stm32f4xx_hal_dma.o(i.HAL_DMA_Abort)
    i.HAL_DMA_Abort_IT                       0x08001016   Section        0  stm32f4xx_hal_dma.o(i.HAL_DMA_Abort_IT)
    i.HAL_Delay                              0x08001040   Section        0  stm32f4xx_hal.o(i.HAL_Delay)
    i.HAL_GPIO_Init                          0x08001068   Section        0  stm32f4xx_hal_gpio.o(i.HAL_GPIO_Init)
    i.HAL_GPIO_TogglePin                     0x08001278   Section        0  stm32f4xx_hal_gpio.o(i.HAL_GPIO_TogglePin)
    i.HAL_GPIO_WritePin                      0x0800128c   Section        0  stm32f4xx_hal_gpio.o(i.HAL_GPIO_WritePin)
    i.HAL_GetTick                            0x08001298   Section        0  stm32f4xx_hal.o(i.HAL_GetTick)
    i.HAL_IncTick                            0x080012a4   Section        0  stm32f4xx_hal.o(i.HAL_IncTick)
    i.HAL_Init                               0x080012bc   Section        0  stm32f4xx_hal.o(i.HAL_Init)
    i.HAL_InitTick                           0x080012f8   Section        0  stm32f4xx_hal.o(i.HAL_InitTick)
    i.HAL_MspInit                            0x08001344   Section        0  stm32f4xx_hal_msp.o(i.HAL_MspInit)
    i.HAL_NVIC_EnableIRQ                     0x0800138c   Section        0  stm32f4xx_hal_cortex.o(i.HAL_NVIC_EnableIRQ)
    i.HAL_NVIC_SetPriority                   0x080013b4   Section        0  stm32f4xx_hal_cortex.o(i.HAL_NVIC_SetPriority)
    i.HAL_NVIC_SetPriorityGrouping           0x08001430   Section        0  stm32f4xx_hal_cortex.o(i.HAL_NVIC_SetPriorityGrouping)
    i.HAL_RCC_ClockConfig                    0x08001458   Section        0  stm32f4xx_hal_rcc.o(i.HAL_RCC_ClockConfig)
    i.HAL_RCC_GetHCLKFreq                    0x080015dc   Section        0  stm32f4xx_hal_rcc.o(i.HAL_RCC_GetHCLKFreq)
    i.HAL_RCC_GetPCLK1Freq                   0x080015e8   Section        0  stm32f4xx_hal_rcc.o(i.HAL_RCC_GetPCLK1Freq)
    i.HAL_RCC_GetPCLK2Freq                   0x08001608   Section        0  stm32f4xx_hal_rcc.o(i.HAL_RCC_GetPCLK2Freq)
    i.HAL_RCC_GetSysClockFreq                0x08001628   Section        0  stm32f4xx_hal_rcc.o(i.HAL_RCC_GetSysClockFreq)
    i.HAL_RCC_OscConfig                      0x080016d8   Section        0  stm32f4xx_hal_rcc.o(i.HAL_RCC_OscConfig)
    i.HAL_SYSTICK_Config                     0x08001b74   Section        0  stm32f4xx_hal_cortex.o(i.HAL_SYSTICK_Config)
    i.HAL_TIMEx_BreakCallback                0x08001ba8   Section        0  stm32f4xx_hal_tim_ex.o(i.HAL_TIMEx_BreakCallback)
    i.HAL_TIMEx_CommutCallback               0x08001baa   Section        0  stm32f4xx_hal_tim_ex.o(i.HAL_TIMEx_CommutCallback)
    i.HAL_TIMEx_MasterConfigSynchronization  0x08001bac   Section        0  stm32f4xx_hal_tim_ex.o(i.HAL_TIMEx_MasterConfigSynchronization)
    i.HAL_TIM_Base_Init                      0x08001c60   Section        0  stm32f4xx_hal_tim.o(i.HAL_TIM_Base_Init)
    i.HAL_TIM_Base_MspInit                   0x08001cc8   Section        0  tim.o(i.HAL_TIM_Base_MspInit)
    i.HAL_TIM_Base_Start_IT                  0x08001d0c   Section        0  stm32f4xx_hal_tim.o(i.HAL_TIM_Base_Start_IT)
    i.HAL_TIM_ConfigClockSource              0x08001db4   Section        0  stm32f4xx_hal_tim.o(i.HAL_TIM_ConfigClockSource)
    i.HAL_TIM_IC_CaptureCallback             0x08001ec0   Section        0  stm32f4xx_hal_tim.o(i.HAL_TIM_IC_CaptureCallback)
    i.HAL_TIM_IRQHandler                     0x08001ec2   Section        0  stm32f4xx_hal_tim.o(i.HAL_TIM_IRQHandler)
    i.HAL_TIM_OC_DelayElapsedCallback        0x0800202e   Section        0  stm32f4xx_hal_tim.o(i.HAL_TIM_OC_DelayElapsedCallback)
    i.HAL_TIM_PWM_PulseFinishedCallback      0x08002030   Section        0  stm32f4xx_hal_tim.o(i.HAL_TIM_PWM_PulseFinishedCallback)
    i.HAL_TIM_PeriodElapsedCallback          0x08002034   Section        0  stm32f4xx_it.o(i.HAL_TIM_PeriodElapsedCallback)
    i.HAL_TIM_TriggerCallback                0x080020e0   Section        0  stm32f4xx_hal_tim.o(i.HAL_TIM_TriggerCallback)
    i.HAL_UARTEx_RxEventCallback             0x080020e2   Section        0  stm32f4xx_hal_uart.o(i.HAL_UARTEx_RxEventCallback)
    i.HAL_UART_ErrorCallback                 0x080020e4   Section        0  stm32f4xx_hal_uart.o(i.HAL_UART_ErrorCallback)
    i.HAL_UART_IRQHandler                    0x080020e8   Section        0  stm32f4xx_hal_uart.o(i.HAL_UART_IRQHandler)
    i.HAL_UART_Init                          0x080023f0   Section        0  stm32f4xx_hal_uart.o(i.HAL_UART_Init)
    i.HAL_UART_MspInit                       0x08002468   Section        0  usart.o(i.HAL_UART_MspInit)
    i.HAL_UART_Receive_IT                    0x0800268c   Section        0  stm32f4xx_hal_uart.o(i.HAL_UART_Receive_IT)
    i.HAL_UART_RxCpltCallback                0x080026b8   Section        0  stm32f4xx_it.o(i.HAL_UART_RxCpltCallback)
    i.HAL_UART_Transmit                      0x080027c0   Section        0  stm32f4xx_hal_uart.o(i.HAL_UART_Transmit)
    i.HAL_UART_TxCpltCallback                0x0800287e   Section        0  stm32f4xx_hal_uart.o(i.HAL_UART_TxCpltCallback)
    i.HardFault_Handler                      0x08002880   Section        0  stm32f4xx_it.o(i.HardFault_Handler)
    i.MX_CAN1_Init                           0x08002884   Section        0  can.o(i.MX_CAN1_Init)
    i.MX_CAN2_Init                           0x080028c8   Section        0  can.o(i.MX_CAN2_Init)
    i.MX_GPIO_Init                           0x0800290c   Section        0  gpio.o(i.MX_GPIO_Init)
    i.MX_TIM2_Init                           0x08002a5c   Section        0  tim.o(i.MX_TIM2_Init)
    i.MX_UART7_Init                          0x08002ac8   Section        0  usart.o(i.MX_UART7_Init)
    i.MX_UART8_Init                          0x08002b00   Section        0  usart.o(i.MX_UART8_Init)
    i.MX_USART3_UART_Init                    0x08002b38   Section        0  usart.o(i.MX_USART3_UART_Init)
    i.MX_USART6_UART_Init                    0x08002b70   Section        0  usart.o(i.MX_USART6_UART_Init)
    i.MemManage_Handler                      0x08002ba8   Section        0  stm32f4xx_it.o(i.MemManage_Handler)
    i.NMI_Handler                            0x08002bac   Section        0  stm32f4xx_it.o(i.NMI_Handler)
    i.PendSV_Handler                         0x08002bb0   Section        0  stm32f4xx_it.o(i.PendSV_Handler)
    i.STP23L_Init                            0x08002bb4   Section        0  stp_23l.o(i.STP23L_Init)
    i.STP23L_RxCallback                      0x08002bd8   Section        0  stp_23l.o(i.STP23L_RxCallback)
    i.STP23L_UART8_Init                      0x08002fb0   Section        0  stp_23l.o(i.STP23L_UART8_Init)
    i.STP23L_UART8_RxCallback                0x08002fd4   Section        0  stp_23l.o(i.STP23L_UART8_RxCallback)
    i.SVC_Handler                            0x080033ac   Section        0  stm32f4xx_it.o(i.SVC_Handler)
    i.SysTick_Handler                        0x080033ae   Section        0  stm32f4xx_it.o(i.SysTick_Handler)
    i.SystemClock_Config                     0x080033b8   Section        0  main.o(i.SystemClock_Config)
    i.SystemInit                             0x0800346c   Section        0  system_stm32f4xx.o(i.SystemInit)
    i.TIM2_IRQHandler                        0x08003480   Section        0  stm32f4xx_it.o(i.TIM2_IRQHandler)
    i.TIM_Base_SetConfig                     0x08003490   Section        0  stm32f4xx_hal_tim.o(i.TIM_Base_SetConfig)
    i.TIM_ETR_SetConfig                      0x08003570   Section        0  stm32f4xx_hal_tim.o(i.TIM_ETR_SetConfig)
    i.TIM_ITRx_SetConfig                     0x08003586   Section        0  stm32f4xx_hal_tim.o(i.TIM_ITRx_SetConfig)
    TIM_ITRx_SetConfig                       0x08003587   Thumb Code    18  stm32f4xx_hal_tim.o(i.TIM_ITRx_SetConfig)
    i.TIM_TI1_ConfigInputStage               0x08003598   Section        0  stm32f4xx_hal_tim.o(i.TIM_TI1_ConfigInputStage)
    TIM_TI1_ConfigInputStage                 0x08003599   Thumb Code    38  stm32f4xx_hal_tim.o(i.TIM_TI1_ConfigInputStage)
    i.TIM_TI2_ConfigInputStage               0x080035be   Section        0  stm32f4xx_hal_tim.o(i.TIM_TI2_ConfigInputStage)
    TIM_TI2_ConfigInputStage                 0x080035bf   Thumb Code    40  stm32f4xx_hal_tim.o(i.TIM_TI2_ConfigInputStage)
    i.UART7_IRQHandler                       0x080035e8   Section        0  stm32f4xx_it.o(i.UART7_IRQHandler)
    i.UART8_IRQHandler                       0x080035f8   Section        0  stm32f4xx_it.o(i.UART8_IRQHandler)
    i.UART_DMAAbortOnError                   0x08003608   Section        0  stm32f4xx_hal_uart.o(i.UART_DMAAbortOnError)
    UART_DMAAbortOnError                     0x08003609   Thumb Code    18  stm32f4xx_hal_uart.o(i.UART_DMAAbortOnError)
    i.UART_EndRxTransfer                     0x0800361a   Section        0  stm32f4xx_hal_uart.o(i.UART_EndRxTransfer)
    UART_EndRxTransfer                       0x0800361b   Thumb Code   108  stm32f4xx_hal_uart.o(i.UART_EndRxTransfer)
    i.UART_EndTransmit_IT                    0x08003686   Section        0  stm32f4xx_hal_uart.o(i.UART_EndTransmit_IT)
    UART_EndTransmit_IT                      0x08003687   Thumb Code    32  stm32f4xx_hal_uart.o(i.UART_EndTransmit_IT)
    i.UART_Receive_IT                        0x080036a6   Section        0  stm32f4xx_hal_uart.o(i.UART_Receive_IT)
    UART_Receive_IT                          0x080036a7   Thumb Code   252  stm32f4xx_hal_uart.o(i.UART_Receive_IT)
    i.UART_SendData                          0x080037a2   Section        0  communication.o(i.UART_SendData)
    i.UART_SetConfig                         0x080037ec   Section        0  stm32f4xx_hal_uart.o(i.UART_SetConfig)
    UART_SetConfig                           0x080037ed   Thumb Code   546  stm32f4xx_hal_uart.o(i.UART_SetConfig)
    i.UART_Start_Receive_IT                  0x08003a18   Section        0  stm32f4xx_hal_uart.o(i.UART_Start_Receive_IT)
    i.UART_Transmit_IT                       0x08003a58   Section        0  stm32f4xx_hal_uart.o(i.UART_Transmit_IT)
    UART_Transmit_IT                         0x08003a59   Thumb Code    96  stm32f4xx_hal_uart.o(i.UART_Transmit_IT)
    i.UART_WaitOnFlagUntilTimeout            0x08003ab8   Section        0  stm32f4xx_hal_uart.o(i.UART_WaitOnFlagUntilTimeout)
    UART_WaitOnFlagUntilTimeout              0x08003ab9   Thumb Code   140  stm32f4xx_hal_uart.o(i.UART_WaitOnFlagUntilTimeout)
    i.USART3_IRQHandler                      0x08003b44   Section        0  stm32f4xx_it.o(i.USART3_IRQHandler)
    i.USART6_IRQHandler                      0x08003b54   Section        0  stm32f4xx_it.o(i.USART6_IRQHandler)
    i.UsageFault_Handler                     0x08003b64   Section        0  stm32f4xx_it.o(i.UsageFault_Handler)
    i.__ARM_fpclassifyf                      0x08003b68   Section        0  fpclassifyf.o(i.__ARM_fpclassifyf)
    i.__NVIC_GetPriorityGrouping             0x08003b90   Section        0  stm32f4xx_hal_cortex.o(i.__NVIC_GetPriorityGrouping)
    __NVIC_GetPriorityGrouping               0x08003b91   Thumb Code    10  stm32f4xx_hal_cortex.o(i.__NVIC_GetPriorityGrouping)
    i.__NVIC_SetPriority                     0x08003ba0   Section        0  stm32f4xx_hal_cortex.o(i.__NVIC_SetPriority)
    __NVIC_SetPriority                       0x08003ba1   Thumb Code    32  stm32f4xx_hal_cortex.o(i.__NVIC_SetPriority)
    i.__hardfp_cosf                          0x08003bc8   Section        0  cosf.o(i.__hardfp_cosf)
    i.__hardfp_sinf                          0x08003d18   Section        0  sinf.o(i.__hardfp_sinf)
    i.__mathlib_flt_infnan                   0x08003ea8   Section        0  funder.o(i.__mathlib_flt_infnan)
    i.__mathlib_flt_invalid                  0x08003eb0   Section        0  funder.o(i.__mathlib_flt_invalid)
    i.__mathlib_flt_underflow                0x08003ec0   Section        0  funder.o(i.__mathlib_flt_underflow)
    i.__mathlib_rredf2                       0x08003ed0   Section        0  rredf.o(i.__mathlib_rredf2)
    i.angle_controller_init                  0x08004024   Section        0  pid.o(i.angle_controller_init)
    i.can_filter_init                        0x08004070   Section        0  bsp_can.o(i.can_filter_init)
    i.data_process                           0x080040cc   Section        0  stp_23l.o(i.data_process)
    data_process                             0x080040cd   Thumb Code    66  stp_23l.o(i.data_process)
    i.data_process_uart8                     0x0800411c   Section        0  stp_23l.o(i.data_process_uart8)
    data_process_uart8                       0x0800411d   Thumb Code    66  stp_23l.o(i.data_process_uart8)
    i.get_chassis_motor_measure_point        0x0800416c   Section        0  can_receive.o(i.get_chassis_motor_measure_point)
    i.hwt101_ReceiveData                     0x08004184   Section        0  hwt101.o(i.hwt101_ReceiveData)
    i.main                                   0x0800425c   Section        0  main.o(i.main)
    i.mecanum_ecd_distance                   0x08004410   Section        0  can_receive.o(i.mecanum_ecd_distance)
    i.mecanum_init                           0x0800453c   Section        0  mecanum_control.o(i.mecanum_init)
    i.processReceivedData                    0x080045b4   Section        0  communication.o(i.processReceivedData)
    i.set_angle_pid                          0x08004608   Section        0  pid.o(i.set_angle_pid)
    i.set_speed_pid                          0x0800461e   Section        0  pid.o(i.set_speed_pid)
    i.set_yaw                                0x08004638   Section        0  hwt101.o(i.set_yaw)
    i.speed_pid_control                      0x0800466c   Section        0  pid.o(i.speed_pid_control)
    i.speed_pid_init                         0x08004798   Section        0  pid.o(i.speed_pid_init)
    x$fpl$fpinit                             0x080047e4   Section       10  fpinit.o(x$fpl$fpinit)
    $v0                                      0x080047e4   Number         0  fpinit.o(x$fpl$fpinit)
    .constdata                               0x080047ee   Section       24  system_stm32f4xx.o(.constdata)
    x$fpl$usenofp                            0x080047ee   Section        0  usenofp.o(x$fpl$usenofp)
    .constdata                               0x08004808   Section       32  rredf.o(.constdata)
    twooverpi                                0x08004808   Data          32  rredf.o(.constdata)
    .data                                    0x20000000   Section        4  can.o(.data)
    HAL_RCC_CAN1_CLK_ENABLED                 0x20000000   Data           4  can.o(.data)
    .data                                    0x20000004   Section        3  stm32f4xx_it.o(.data)
    .data                                    0x20000008   Section        9  stm32f4xx_hal.o(.data)
    .data                                    0x20000014   Section        4  system_stm32f4xx.o(.data)
    .data                                    0x20000018   Section       29  can_receive.o(.data)
    gimbal_can_send_data                     0x20000024   Data           8  can_receive.o(.data)
    chassis_can_send_data                    0x2000002c   Data           8  can_receive.o(.data)
    i                                        0x20000034   Data           1  can_receive.o(.data)
    .data                                    0x20000038   Section        8  hwt101.o(.data)
    RxState                                  0x20000038   Data           1  hwt101.o(.data)
    RxIndex                                  0x20000039   Data           1  hwt101.o(.data)
    .data                                    0x20000040   Section      100  mecanum_control.o(.data)
    set                                      0x20000042   Data           1  mecanum_control.o(.data)
    set                                      0x20000043   Data           1  mecanum_control.o(.data)
    vx                                       0x20000044   Data           4  mecanum_control.o(.data)
    vy                                       0x20000048   Data           4  mecanum_control.o(.data)
    act_p                                    0x2000004c   Data           4  mecanum_control.o(.data)
    stop_p                                   0x20000050   Data           4  mecanum_control.o(.data)
    direction_x                              0x20000054   Data           4  mecanum_control.o(.data)
    direction_y                              0x20000058   Data           4  mecanum_control.o(.data)
    start_time                               0x2000005c   Data           4  mecanum_control.o(.data)
    act_distance                             0x20000060   Data           4  mecanum_control.o(.data)
    stop_distance                            0x20000064   Data           4  mecanum_control.o(.data)
    set                                      0x20000068   Data           1  mecanum_control.o(.data)
    vx                                       0x2000006c   Data           4  mecanum_control.o(.data)
    last_time                                0x20000070   Data           4  mecanum_control.o(.data)
    set                                      0x20000074   Data           1  mecanum_control.o(.data)
    last_time                                0x20000078   Data           4  mecanum_control.o(.data)
    jg_conter                                0x2000007c   Data           1  mecanum_control.o(.data)
    set                                      0x2000007d   Data           1  mecanum_control.o(.data)
    set                                      0x2000007e   Data           1  mecanum_control.o(.data)
    vx                                       0x20000080   Data           4  mecanum_control.o(.data)
    vy                                       0x20000084   Data           4  mecanum_control.o(.data)
    act_p                                    0x20000088   Data           4  mecanum_control.o(.data)
    stop_p                                   0x2000008c   Data           4  mecanum_control.o(.data)
    direction_x                              0x20000090   Data           4  mecanum_control.o(.data)
    direction_y                              0x20000094   Data           4  mecanum_control.o(.data)
    start_time                               0x20000098   Data           4  mecanum_control.o(.data)
    act_distance                             0x2000009c   Data           4  mecanum_control.o(.data)
    stop_distance                            0x200000a0   Data           4  mecanum_control.o(.data)
    .data                                    0x200000a4   Section       19  stp_23l.o(.data)
    rx_state                                 0x200000a8   Data           1  stp_23l.o(.data)
    rx_crc                                   0x200000a9   Data           1  stp_23l.o(.data)
    rx_cnt                                   0x200000aa   Data           1  stp_23l.o(.data)
    pack_flag                                0x200000ab   Data           1  stp_23l.o(.data)
    data_len                                 0x200000ac   Data           2  stp_23l.o(.data)
    state_flag                               0x200000ae   Data           1  stp_23l.o(.data)
    rx_state_uart8                           0x200000af   Data           1  stp_23l.o(.data)
    rx_crc_uart8                             0x200000b0   Data           1  stp_23l.o(.data)
    rx_cnt_uart8                             0x200000b1   Data           1  stp_23l.o(.data)
    pack_flag_uart8                          0x200000b2   Data           1  stp_23l.o(.data)
    data_len_uart8                           0x200000b4   Data           2  stp_23l.o(.data)
    state_flag_uart8                         0x200000b6   Data           1  stp_23l.o(.data)
    .data                                    0x200000b7   Section        9  communication.o(.data)
    .bss                                     0x200000c0   Section       80  can.o(.bss)
    .bss                                     0x20000110   Section       72  tim.o(.bss)
    .bss                                     0x20000158   Section      288  usart.o(.bss)
    .bss                                     0x20000278   Section      120  can_receive.o(.bss)
    motor_chassis                            0x20000278   Data          70  can_receive.o(.bss)
    gimbal_tx_message                        0x200002c0   Data          24  can_receive.o(.bss)
    chassis_tx_message                       0x200002d8   Data          24  can_receive.o(.bss)
    .bss                                     0x200002f0   Section       11  hwt101.o(.bss)
    RxBuffer                                 0x200002f0   Data          11  hwt101.o(.bss)
    .bss                                     0x200002fc   Section      120  mecanum_control.o(.bss)
    .bss                                     0x20000374   Section      884  pid.o(.bss)
    .bss                                     0x200006e8   Section      480  stp_23l.o(.bss)
    pack_data                                0x200006e8   Data         240  stp_23l.o(.bss)
    pack_data_uart8                          0x200007d8   Data         240  stp_23l.o(.bss)
    .bss                                     0x200008c8   Section       96  libspace.o(.bss)
    HEAP                                     0x20000928   Section      512  startup_stm32f427xx.o(HEAP)
    Heap_Mem                                 0x20000928   Data         512  startup_stm32f427xx.o(HEAP)
    STACK                                    0x20000b28   Section     1024  startup_stm32f427xx.o(STACK)
    Stack_Mem                                0x20000b28   Data        1024  startup_stm32f427xx.o(STACK)
    __initial_sp                             0x20000f28   Data           0  startup_stm32f427xx.o(STACK)

    Global Symbols

    Symbol Name                              Value     Ov Type        Size  Object(Section)

    BuildAttributes$$THM_ISAv4$E$P$D$K$B$S$7EM$VFPi3$EXTD16$VFPS$VFMA$PE$A:L22UL41UL21$X:L11$S22US41US21$IEEE1$IW$USESV6$~STKCKD$USESV7$~SHL$OTIME$ROPI$IEEEX$EBA8$UX$STANDARDLIB$REQ8$PRES8$EABIv2 0x00000000   Number         0  anon$$obj.o ABSOLUTE
    __ARM_use_no_argv                        0x00000000   Number         0  main.o ABSOLUTE
    __ARM_exceptions_init                     - Undefined Weak Reference
    __alloca_initialize                       - Undefined Weak Reference
    __arm_preinit_                            - Undefined Weak Reference
    __cpp_initialize__aeabi_                  - Undefined Weak Reference
    __cxa_finalize                            - Undefined Weak Reference
    __rt_locale                               - Undefined Weak Reference
    __sigvec_lookup                           - Undefined Weak Reference
    _atexit_init                              - Undefined Weak Reference
    _call_atexit_fns                          - Undefined Weak Reference
    _clock_init                               - Undefined Weak Reference
    _fp_trap_init                             - Undefined Weak Reference
    _fp_trap_shutdown                         - Undefined Weak Reference
    _get_lc_collate                           - Undefined Weak Reference
    _get_lc_ctype                             - Undefined Weak Reference
    _get_lc_monetary                          - Undefined Weak Reference
    _get_lc_numeric                           - Undefined Weak Reference
    _get_lc_time                              - Undefined Weak Reference
    _getenv_init                              - Undefined Weak Reference
    _handle_redirection                       - Undefined Weak Reference
    _init_alloc                               - Undefined Weak Reference
    _init_user_alloc                          - Undefined Weak Reference
    _initio                                   - Undefined Weak Reference
    _rand_init                                - Undefined Weak Reference
    _signal_finish                            - Undefined Weak Reference
    _signal_init                              - Undefined Weak Reference
    _terminate_alloc                          - Undefined Weak Reference
    _terminate_user_alloc                     - Undefined Weak Reference
    _terminateio                              - Undefined Weak Reference
    __Vectors_Size                           0x000001ac   Number         0  startup_stm32f427xx.o ABSOLUTE
    __Vectors                                0x08000000   Data           4  startup_stm32f427xx.o(RESET)
    __Vectors_End                            0x080001ac   Data           0  startup_stm32f427xx.o(RESET)
    __main                                   0x080001ad   Thumb Code     8  __main.o(!!!main)
    __scatterload                            0x080001b5   Thumb Code     0  __scatter.o(!!!scatter)
    __scatterload_rt2                        0x080001b5   Thumb Code    44  __scatter.o(!!!scatter)
    __scatterload_rt2_thumb_only             0x080001b5   Thumb Code     0  __scatter.o(!!!scatter)
    __scatterload_null                       0x080001c3   Thumb Code     0  __scatter.o(!!!scatter)
    __scatterload_copy                       0x080001e9   Thumb Code    26  __scatter_copy.o(!!handler_copy)
    __scatterload_zeroinit                   0x08000205   Thumb Code    28  __scatter_zi.o(!!handler_zi)
    __rt_lib_init                            0x08000221   Thumb Code     0  libinit.o(.ARM.Collect$$libinit$$00000000)
    __rt_lib_init_fp_1                       0x08000223   Thumb Code     0  libinit2.o(.ARM.Collect$$libinit$$00000001)
    __rt_lib_init_alloca_1                   0x08000227   Thumb Code     0  libinit2.o(.ARM.Collect$$libinit$$0000002E)
    __rt_lib_init_argv_1                     0x08000227   Thumb Code     0  libinit2.o(.ARM.Collect$$libinit$$0000002C)
    __rt_lib_init_atexit_1                   0x08000227   Thumb Code     0  libinit2.o(.ARM.Collect$$libinit$$0000001B)
    __rt_lib_init_clock_1                    0x08000227   Thumb Code     0  libinit2.o(.ARM.Collect$$libinit$$00000021)
    __rt_lib_init_cpp_1                      0x08000227   Thumb Code     0  libinit2.o(.ARM.Collect$$libinit$$00000032)
    __rt_lib_init_exceptions_1               0x08000227   Thumb Code     0  libinit2.o(.ARM.Collect$$libinit$$00000030)
    __rt_lib_init_fp_trap_1                  0x08000227   Thumb Code     0  libinit2.o(.ARM.Collect$$libinit$$0000001F)
    __rt_lib_init_getenv_1                   0x08000227   Thumb Code     0  libinit2.o(.ARM.Collect$$libinit$$00000023)
    __rt_lib_init_heap_1                     0x08000227   Thumb Code     0  libinit2.o(.ARM.Collect$$libinit$$0000000A)
    __rt_lib_init_lc_collate_1               0x08000227   Thumb Code     0  libinit2.o(.ARM.Collect$$libinit$$00000011)
    __rt_lib_init_lc_ctype_1                 0x08000227   Thumb Code     0  libinit2.o(.ARM.Collect$$libinit$$00000013)
    __rt_lib_init_lc_monetary_1              0x08000227   Thumb Code     0  libinit2.o(.ARM.Collect$$libinit$$00000015)
    __rt_lib_init_lc_numeric_1               0x08000227   Thumb Code     0  libinit2.o(.ARM.Collect$$libinit$$00000017)
    __rt_lib_init_lc_time_1                  0x08000227   Thumb Code     0  libinit2.o(.ARM.Collect$$libinit$$00000019)
    __rt_lib_init_preinit_1                  0x08000227   Thumb Code     0  libinit2.o(.ARM.Collect$$libinit$$00000004)
    __rt_lib_init_rand_1                     0x08000227   Thumb Code     0  libinit2.o(.ARM.Collect$$libinit$$0000000E)
    __rt_lib_init_return                     0x08000227   Thumb Code     0  libinit2.o(.ARM.Collect$$libinit$$00000033)
    __rt_lib_init_signal_1                   0x08000227   Thumb Code     0  libinit2.o(.ARM.Collect$$libinit$$0000001D)
    __rt_lib_init_stdio_1                    0x08000227   Thumb Code     0  libinit2.o(.ARM.Collect$$libinit$$00000025)
    __rt_lib_init_user_alloc_1               0x08000227   Thumb Code     0  libinit2.o(.ARM.Collect$$libinit$$0000000C)
    __rt_lib_shutdown                        0x08000229   Thumb Code     0  libshutdown.o(.ARM.Collect$$libshutdown$$00000000)
    __rt_lib_shutdown_cpp_1                  0x0800022b   Thumb Code     0  libshutdown2.o(.ARM.Collect$$libshutdown$$00000002)
    __rt_lib_shutdown_fp_trap_1              0x0800022b   Thumb Code     0  libshutdown2.o(.ARM.Collect$$libshutdown$$00000007)
    __rt_lib_shutdown_heap_1                 0x0800022b   Thumb Code     0  libshutdown2.o(.ARM.Collect$$libshutdown$$0000000F)
    __rt_lib_shutdown_return                 0x0800022b   Thumb Code     0  libshutdown2.o(.ARM.Collect$$libshutdown$$00000010)
    __rt_lib_shutdown_signal_1               0x0800022b   Thumb Code     0  libshutdown2.o(.ARM.Collect$$libshutdown$$0000000A)
    __rt_lib_shutdown_stdio_1                0x0800022b   Thumb Code     0  libshutdown2.o(.ARM.Collect$$libshutdown$$00000004)
    __rt_lib_shutdown_user_alloc_1           0x0800022b   Thumb Code     0  libshutdown2.o(.ARM.Collect$$libshutdown$$0000000C)
    __rt_entry                               0x0800022d   Thumb Code     0  __rtentry.o(.ARM.Collect$$rtentry$$00000000)
    __rt_entry_presh_1                       0x0800022d   Thumb Code     0  __rtentry2.o(.ARM.Collect$$rtentry$$00000002)
    __rt_entry_sh                            0x0800022d   Thumb Code     0  __rtentry4.o(.ARM.Collect$$rtentry$$00000004)
    __rt_entry_li                            0x08000233   Thumb Code     0  __rtentry2.o(.ARM.Collect$$rtentry$$0000000A)
    __rt_entry_postsh_1                      0x08000233   Thumb Code     0  __rtentry2.o(.ARM.Collect$$rtentry$$00000009)
    __rt_entry_main                          0x08000237   Thumb Code     0  __rtentry2.o(.ARM.Collect$$rtentry$$0000000D)
    __rt_entry_postli_1                      0x08000237   Thumb Code     0  __rtentry2.o(.ARM.Collect$$rtentry$$0000000C)
    __rt_exit                                0x0800023f   Thumb Code     0  rtexit.o(.ARM.Collect$$rtexit$$00000000)
    __rt_exit_ls                             0x08000241   Thumb Code     0  rtexit2.o(.ARM.Collect$$rtexit$$00000003)
    __rt_exit_prels_1                        0x08000241   Thumb Code     0  rtexit2.o(.ARM.Collect$$rtexit$$00000002)
    __rt_exit_exit                           0x08000245   Thumb Code     0  rtexit2.o(.ARM.Collect$$rtexit$$00000004)
    Reset_Handler                            0x0800024d   Thumb Code     8  startup_stm32f427xx.o(.text)
    ADC_IRQHandler                           0x08000267   Thumb Code     0  startup_stm32f427xx.o(.text)
    CAN1_RX1_IRQHandler                      0x08000267   Thumb Code     0  startup_stm32f427xx.o(.text)
    CAN1_SCE_IRQHandler                      0x08000267   Thumb Code     0  startup_stm32f427xx.o(.text)
    CAN1_TX_IRQHandler                       0x08000267   Thumb Code     0  startup_stm32f427xx.o(.text)
    CAN2_RX0_IRQHandler                      0x08000267   Thumb Code     0  startup_stm32f427xx.o(.text)
    CAN2_RX1_IRQHandler                      0x08000267   Thumb Code     0  startup_stm32f427xx.o(.text)
    CAN2_SCE_IRQHandler                      0x08000267   Thumb Code     0  startup_stm32f427xx.o(.text)
    CAN2_TX_IRQHandler                       0x08000267   Thumb Code     0  startup_stm32f427xx.o(.text)
    DCMI_IRQHandler                          0x08000267   Thumb Code     0  startup_stm32f427xx.o(.text)
    DMA1_Stream0_IRQHandler                  0x08000267   Thumb Code     0  startup_stm32f427xx.o(.text)
    DMA1_Stream1_IRQHandler                  0x08000267   Thumb Code     0  startup_stm32f427xx.o(.text)
    DMA1_Stream2_IRQHandler                  0x08000267   Thumb Code     0  startup_stm32f427xx.o(.text)
    DMA1_Stream3_IRQHandler                  0x08000267   Thumb Code     0  startup_stm32f427xx.o(.text)
    DMA1_Stream4_IRQHandler                  0x08000267   Thumb Code     0  startup_stm32f427xx.o(.text)
    DMA1_Stream5_IRQHandler                  0x08000267   Thumb Code     0  startup_stm32f427xx.o(.text)
    DMA1_Stream6_IRQHandler                  0x08000267   Thumb Code     0  startup_stm32f427xx.o(.text)
    DMA1_Stream7_IRQHandler                  0x08000267   Thumb Code     0  startup_stm32f427xx.o(.text)
    DMA2D_IRQHandler                         0x08000267   Thumb Code     0  startup_stm32f427xx.o(.text)
    DMA2_Stream0_IRQHandler                  0x08000267   Thumb Code     0  startup_stm32f427xx.o(.text)
    DMA2_Stream1_IRQHandler                  0x08000267   Thumb Code     0  startup_stm32f427xx.o(.text)
    DMA2_Stream2_IRQHandler                  0x08000267   Thumb Code     0  startup_stm32f427xx.o(.text)
    DMA2_Stream3_IRQHandler                  0x08000267   Thumb Code     0  startup_stm32f427xx.o(.text)
    DMA2_Stream4_IRQHandler                  0x08000267   Thumb Code     0  startup_stm32f427xx.o(.text)
    DMA2_Stream5_IRQHandler                  0x08000267   Thumb Code     0  startup_stm32f427xx.o(.text)
    DMA2_Stream6_IRQHandler                  0x08000267   Thumb Code     0  startup_stm32f427xx.o(.text)
    DMA2_Stream7_IRQHandler                  0x08000267   Thumb Code     0  startup_stm32f427xx.o(.text)
    ETH_IRQHandler                           0x08000267   Thumb Code     0  startup_stm32f427xx.o(.text)
    ETH_WKUP_IRQHandler                      0x08000267   Thumb Code     0  startup_stm32f427xx.o(.text)
    EXTI0_IRQHandler                         0x08000267   Thumb Code     0  startup_stm32f427xx.o(.text)
    EXTI15_10_IRQHandler                     0x08000267   Thumb Code     0  startup_stm32f427xx.o(.text)
    EXTI1_IRQHandler                         0x08000267   Thumb Code     0  startup_stm32f427xx.o(.text)
    EXTI2_IRQHandler                         0x08000267   Thumb Code     0  startup_stm32f427xx.o(.text)
    EXTI3_IRQHandler                         0x08000267   Thumb Code     0  startup_stm32f427xx.o(.text)
    EXTI4_IRQHandler                         0x08000267   Thumb Code     0  startup_stm32f427xx.o(.text)
    EXTI9_5_IRQHandler                       0x08000267   Thumb Code     0  startup_stm32f427xx.o(.text)
    FLASH_IRQHandler                         0x08000267   Thumb Code     0  startup_stm32f427xx.o(.text)
    FMC_IRQHandler                           0x08000267   Thumb Code     0  startup_stm32f427xx.o(.text)
    FPU_IRQHandler                           0x08000267   Thumb Code     0  startup_stm32f427xx.o(.text)
    HASH_RNG_IRQHandler                      0x08000267   Thumb Code     0  startup_stm32f427xx.o(.text)
    I2C1_ER_IRQHandler                       0x08000267   Thumb Code     0  startup_stm32f427xx.o(.text)
    I2C1_EV_IRQHandler                       0x08000267   Thumb Code     0  startup_stm32f427xx.o(.text)
    I2C2_ER_IRQHandler                       0x08000267   Thumb Code     0  startup_stm32f427xx.o(.text)
    I2C2_EV_IRQHandler                       0x08000267   Thumb Code     0  startup_stm32f427xx.o(.text)
    I2C3_ER_IRQHandler                       0x08000267   Thumb Code     0  startup_stm32f427xx.o(.text)
    I2C3_EV_IRQHandler                       0x08000267   Thumb Code     0  startup_stm32f427xx.o(.text)
    OTG_FS_IRQHandler                        0x08000267   Thumb Code     0  startup_stm32f427xx.o(.text)
    OTG_FS_WKUP_IRQHandler                   0x08000267   Thumb Code     0  startup_stm32f427xx.o(.text)
    OTG_HS_EP1_IN_IRQHandler                 0x08000267   Thumb Code     0  startup_stm32f427xx.o(.text)
    OTG_HS_EP1_OUT_IRQHandler                0x08000267   Thumb Code     0  startup_stm32f427xx.o(.text)
    OTG_HS_IRQHandler                        0x08000267   Thumb Code     0  startup_stm32f427xx.o(.text)
    OTG_HS_WKUP_IRQHandler                   0x08000267   Thumb Code     0  startup_stm32f427xx.o(.text)
    PVD_IRQHandler                           0x08000267   Thumb Code     0  startup_stm32f427xx.o(.text)
    RCC_IRQHandler                           0x08000267   Thumb Code     0  startup_stm32f427xx.o(.text)
    RTC_Alarm_IRQHandler                     0x08000267   Thumb Code     0  startup_stm32f427xx.o(.text)
    RTC_WKUP_IRQHandler                      0x08000267   Thumb Code     0  startup_stm32f427xx.o(.text)
    SAI1_IRQHandler                          0x08000267   Thumb Code     0  startup_stm32f427xx.o(.text)
    SDIO_IRQHandler                          0x08000267   Thumb Code     0  startup_stm32f427xx.o(.text)
    SPI1_IRQHandler                          0x08000267   Thumb Code     0  startup_stm32f427xx.o(.text)
    SPI2_IRQHandler                          0x08000267   Thumb Code     0  startup_stm32f427xx.o(.text)
    SPI3_IRQHandler                          0x08000267   Thumb Code     0  startup_stm32f427xx.o(.text)
    SPI4_IRQHandler                          0x08000267   Thumb Code     0  startup_stm32f427xx.o(.text)
    SPI5_IRQHandler                          0x08000267   Thumb Code     0  startup_stm32f427xx.o(.text)
    SPI6_IRQHandler                          0x08000267   Thumb Code     0  startup_stm32f427xx.o(.text)
    TAMP_STAMP_IRQHandler                    0x08000267   Thumb Code     0  startup_stm32f427xx.o(.text)
    TIM1_BRK_TIM9_IRQHandler                 0x08000267   Thumb Code     0  startup_stm32f427xx.o(.text)
    TIM1_CC_IRQHandler                       0x08000267   Thumb Code     0  startup_stm32f427xx.o(.text)
    TIM1_TRG_COM_TIM11_IRQHandler            0x08000267   Thumb Code     0  startup_stm32f427xx.o(.text)
    TIM1_UP_TIM10_IRQHandler                 0x08000267   Thumb Code     0  startup_stm32f427xx.o(.text)
    TIM3_IRQHandler                          0x08000267   Thumb Code     0  startup_stm32f427xx.o(.text)
    TIM4_IRQHandler                          0x08000267   Thumb Code     0  startup_stm32f427xx.o(.text)
    TIM5_IRQHandler                          0x08000267   Thumb Code     0  startup_stm32f427xx.o(.text)
    TIM6_DAC_IRQHandler                      0x08000267   Thumb Code     0  startup_stm32f427xx.o(.text)
    TIM7_IRQHandler                          0x08000267   Thumb Code     0  startup_stm32f427xx.o(.text)
    TIM8_BRK_TIM12_IRQHandler                0x08000267   Thumb Code     0  startup_stm32f427xx.o(.text)
    TIM8_CC_IRQHandler                       0x08000267   Thumb Code     0  startup_stm32f427xx.o(.text)
    TIM8_TRG_COM_TIM14_IRQHandler            0x08000267   Thumb Code     0  startup_stm32f427xx.o(.text)
    TIM8_UP_TIM13_IRQHandler                 0x08000267   Thumb Code     0  startup_stm32f427xx.o(.text)
    UART4_IRQHandler                         0x08000267   Thumb Code     0  startup_stm32f427xx.o(.text)
    UART5_IRQHandler                         0x08000267   Thumb Code     0  startup_stm32f427xx.o(.text)
    USART1_IRQHandler                        0x08000267   Thumb Code     0  startup_stm32f427xx.o(.text)
    USART2_IRQHandler                        0x08000267   Thumb Code     0  startup_stm32f427xx.o(.text)
    WWDG_IRQHandler                          0x08000267   Thumb Code     0  startup_stm32f427xx.o(.text)
    __user_initial_stackheap                 0x08000269   Thumb Code     0  startup_stm32f427xx.o(.text)
    __aeabi_uldivmod                         0x0800028d   Thumb Code     0  lludivv7m.o(.text)
    _ll_udiv                                 0x0800028d   Thumb Code   238  lludivv7m.o(.text)
    __aeabi_memclr4                          0x0800037b   Thumb Code     0  rt_memclr_w.o(.text)
    __aeabi_memclr8                          0x0800037b   Thumb Code     0  rt_memclr_w.o(.text)
    __rt_memclr_w                            0x0800037b   Thumb Code    78  rt_memclr_w.o(.text)
    _memset_w                                0x0800037f   Thumb Code     0  rt_memclr_w.o(.text)
    __use_two_region_memory                  0x080003c9   Thumb Code     2  heapauxi.o(.text)
    __rt_heap_escrow$2region                 0x080003cb   Thumb Code     2  heapauxi.o(.text)
    __rt_heap_expand$2region                 0x080003cd   Thumb Code     2  heapauxi.o(.text)
    __read_errno                             0x080003cf   Thumb Code    10  _rserrno.o(.text)
    __set_errno                              0x080003d9   Thumb Code    12  _rserrno.o(.text)
    __aeabi_errno_addr                       0x080003e5   Thumb Code     8  rt_errno_addr_intlibspace.o(.text)
    __errno$intlibspace                      0x080003e5   Thumb Code     0  rt_errno_addr_intlibspace.o(.text)
    __rt_errno_addr$intlibspace              0x080003e5   Thumb Code     0  rt_errno_addr_intlibspace.o(.text)
    __user_libspace                          0x080003ed   Thumb Code     8  libspace.o(.text)
    __user_perproc_libspace                  0x080003ed   Thumb Code     0  libspace.o(.text)
    __user_perthread_libspace                0x080003ed   Thumb Code     0  libspace.o(.text)
    __user_setup_stackheap                   0x080003f5   Thumb Code    74  sys_stackheap_outer.o(.text)
    exit                                     0x0800043f   Thumb Code    18  exit.o(.text)
    _sys_exit                                0x08000451   Thumb Code     8  sys_exit.o(.text)
    __I$use$semihosting                      0x0800045d   Thumb Code     0  use_no_semi.o(.text)
    __use_no_semihosting_swi                 0x0800045d   Thumb Code     2  use_no_semi.o(.text)
    BusFault_Handler                         0x0800045f   Thumb Code     4  stm32f4xx_it.o(i.BusFault_Handler)
    __semihosting_library_function           0x0800045f   Thumb Code     0  indicate_semi.o(.text)
    CAN1_RX0_IRQHandler                      0x08000465   Thumb Code    10  stm32f4xx_it.o(i.CAN1_RX0_IRQHandler)
    CAN_cmd_chassis                          0x08000475   Thumb Code    68  can_receive.o(i.CAN_cmd_chassis)
    DebugMon_Handler                         0x080004c5   Thumb Code     2  stm32f4xx_it.o(i.DebugMon_Handler)
    Error_Handler                            0x080004c7   Thumb Code     6  main.o(i.Error_Handler)
    HAL_CAN_ActivateNotification             0x080004cd   Thumb Code    42  stm32f4xx_hal_can.o(i.HAL_CAN_ActivateNotification)
    HAL_CAN_AddTxMessage                     0x080004f7   Thumb Code   330  stm32f4xx_hal_can.o(i.HAL_CAN_AddTxMessage)
    HAL_CAN_ConfigFilter                     0x08000641   Thumb Code   284  stm32f4xx_hal_can.o(i.HAL_CAN_ConfigFilter)
    HAL_CAN_ErrorCallback                    0x08000761   Thumb Code     2  stm32f4xx_hal_can.o(i.HAL_CAN_ErrorCallback)
    HAL_CAN_GetRxMessage                     0x08000763   Thumb Code   404  stm32f4xx_hal_can.o(i.HAL_CAN_GetRxMessage)
    HAL_CAN_IRQHandler                       0x080008f7   Thumb Code   590  stm32f4xx_hal_can.o(i.HAL_CAN_IRQHandler)
    HAL_CAN_Init                             0x08000b45   Thumb Code   372  stm32f4xx_hal_can.o(i.HAL_CAN_Init)
    HAL_CAN_MspInit                          0x08000cb9   Thumb Code   314  can.o(i.HAL_CAN_MspInit)
    HAL_CAN_RxFifo0FullCallback              0x08000e0d   Thumb Code     2  stm32f4xx_hal_can.o(i.HAL_CAN_RxFifo0FullCallback)
    HAL_CAN_RxFifo0MsgPendingCallback        0x08000e11   Thumb Code   216  can_receive.o(i.HAL_CAN_RxFifo0MsgPendingCallback)
    HAL_CAN_RxFifo1FullCallback              0x08000ef9   Thumb Code     2  stm32f4xx_hal_can.o(i.HAL_CAN_RxFifo1FullCallback)
    HAL_CAN_RxFifo1MsgPendingCallback        0x08000efb   Thumb Code     2  stm32f4xx_hal_can.o(i.HAL_CAN_RxFifo1MsgPendingCallback)
    HAL_CAN_SleepCallback                    0x08000efd   Thumb Code     2  stm32f4xx_hal_can.o(i.HAL_CAN_SleepCallback)
    HAL_CAN_Start                            0x08000eff   Thumb Code    94  stm32f4xx_hal_can.o(i.HAL_CAN_Start)
    HAL_CAN_TxMailbox0AbortCallback          0x08000f5d   Thumb Code     2  stm32f4xx_hal_can.o(i.HAL_CAN_TxMailbox0AbortCallback)
    HAL_CAN_TxMailbox0CompleteCallback       0x08000f5f   Thumb Code     2  stm32f4xx_hal_can.o(i.HAL_CAN_TxMailbox0CompleteCallback)
    HAL_CAN_TxMailbox1AbortCallback          0x08000f61   Thumb Code     2  stm32f4xx_hal_can.o(i.HAL_CAN_TxMailbox1AbortCallback)
    HAL_CAN_TxMailbox1CompleteCallback       0x08000f63   Thumb Code     2  stm32f4xx_hal_can.o(i.HAL_CAN_TxMailbox1CompleteCallback)
    HAL_CAN_TxMailbox2AbortCallback          0x08000f65   Thumb Code     2  stm32f4xx_hal_can.o(i.HAL_CAN_TxMailbox2AbortCallback)
    HAL_CAN_TxMailbox2CompleteCallback       0x08000f67   Thumb Code     2  stm32f4xx_hal_can.o(i.HAL_CAN_TxMailbox2CompleteCallback)
    HAL_CAN_WakeUpFromRxMsgCallback          0x08000f69   Thumb Code     2  stm32f4xx_hal_can.o(i.HAL_CAN_WakeUpFromRxMsgCallback)
    HAL_DMA_Abort                            0x08000f6b   Thumb Code   172  stm32f4xx_hal_dma.o(i.HAL_DMA_Abort)
    HAL_DMA_Abort_IT                         0x08001017   Thumb Code    40  stm32f4xx_hal_dma.o(i.HAL_DMA_Abort_IT)
    HAL_Delay                                0x08001041   Thumb Code    36  stm32f4xx_hal.o(i.HAL_Delay)
    HAL_GPIO_Init                            0x08001069   Thumb Code   474  stm32f4xx_hal_gpio.o(i.HAL_GPIO_Init)
    HAL_GPIO_TogglePin                       0x08001279   Thumb Code    20  stm32f4xx_hal_gpio.o(i.HAL_GPIO_TogglePin)
    HAL_GPIO_WritePin                        0x0800128d   Thumb Code    12  stm32f4xx_hal_gpio.o(i.HAL_GPIO_WritePin)
    HAL_GetTick                              0x08001299   Thumb Code     6  stm32f4xx_hal.o(i.HAL_GetTick)
    HAL_IncTick                              0x080012a5   Thumb Code    16  stm32f4xx_hal.o(i.HAL_IncTick)
    HAL_Init                                 0x080012bd   Thumb Code    54  stm32f4xx_hal.o(i.HAL_Init)
    HAL_InitTick                             0x080012f9   Thumb Code    64  stm32f4xx_hal.o(i.HAL_InitTick)
    HAL_MspInit                              0x08001345   Thumb Code    68  stm32f4xx_hal_msp.o(i.HAL_MspInit)
    HAL_NVIC_EnableIRQ                       0x0800138d   Thumb Code    40  stm32f4xx_hal_cortex.o(i.HAL_NVIC_EnableIRQ)
    HAL_NVIC_SetPriority                     0x080013b5   Thumb Code   124  stm32f4xx_hal_cortex.o(i.HAL_NVIC_SetPriority)
    HAL_NVIC_SetPriorityGrouping             0x08001431   Thumb Code    32  stm32f4xx_hal_cortex.o(i.HAL_NVIC_SetPriorityGrouping)
    HAL_RCC_ClockConfig                      0x08001459   Thumb Code   368  stm32f4xx_hal_rcc.o(i.HAL_RCC_ClockConfig)
    HAL_RCC_GetHCLKFreq                      0x080015dd   Thumb Code     6  stm32f4xx_hal_rcc.o(i.HAL_RCC_GetHCLKFreq)
    HAL_RCC_GetPCLK1Freq                     0x080015e9   Thumb Code    22  stm32f4xx_hal_rcc.o(i.HAL_RCC_GetPCLK1Freq)
    HAL_RCC_GetPCLK2Freq                     0x08001609   Thumb Code    22  stm32f4xx_hal_rcc.o(i.HAL_RCC_GetPCLK2Freq)
    HAL_RCC_GetSysClockFreq                  0x08001629   Thumb Code   162  stm32f4xx_hal_rcc.o(i.HAL_RCC_GetSysClockFreq)
    HAL_RCC_OscConfig                        0x080016d9   Thumb Code  1172  stm32f4xx_hal_rcc.o(i.HAL_RCC_OscConfig)
    HAL_SYSTICK_Config                       0x08001b75   Thumb Code    52  stm32f4xx_hal_cortex.o(i.HAL_SYSTICK_Config)
    HAL_TIMEx_BreakCallback                  0x08001ba9   Thumb Code     2  stm32f4xx_hal_tim_ex.o(i.HAL_TIMEx_BreakCallback)
    HAL_TIMEx_CommutCallback                 0x08001bab   Thumb Code     2  stm32f4xx_hal_tim_ex.o(i.HAL_TIMEx_CommutCallback)
    HAL_TIMEx_MasterConfigSynchronization    0x08001bad   Thumb Code   150  stm32f4xx_hal_tim_ex.o(i.HAL_TIMEx_MasterConfigSynchronization)
    HAL_TIM_Base_Init                        0x08001c61   Thumb Code   102  stm32f4xx_hal_tim.o(i.HAL_TIM_Base_Init)
    HAL_TIM_Base_MspInit                     0x08001cc9   Thumb Code    62  tim.o(i.HAL_TIM_Base_MspInit)
    HAL_TIM_Base_Start_IT                    0x08001d0d   Thumb Code   138  stm32f4xx_hal_tim.o(i.HAL_TIM_Base_Start_IT)
    HAL_TIM_ConfigClockSource                0x08001db5   Thumb Code   268  stm32f4xx_hal_tim.o(i.HAL_TIM_ConfigClockSource)
    HAL_TIM_IC_CaptureCallback               0x08001ec1   Thumb Code     2  stm32f4xx_hal_tim.o(i.HAL_TIM_IC_CaptureCallback)
    HAL_TIM_IRQHandler                       0x08001ec3   Thumb Code   364  stm32f4xx_hal_tim.o(i.HAL_TIM_IRQHandler)
    HAL_TIM_OC_DelayElapsedCallback          0x0800202f   Thumb Code     2  stm32f4xx_hal_tim.o(i.HAL_TIM_OC_DelayElapsedCallback)
    HAL_TIM_PWM_PulseFinishedCallback        0x08002031   Thumb Code     2  stm32f4xx_hal_tim.o(i.HAL_TIM_PWM_PulseFinishedCallback)
    HAL_TIM_PeriodElapsedCallback            0x08002035   Thumb Code   158  stm32f4xx_it.o(i.HAL_TIM_PeriodElapsedCallback)
    HAL_TIM_TriggerCallback                  0x080020e1   Thumb Code     2  stm32f4xx_hal_tim.o(i.HAL_TIM_TriggerCallback)
    HAL_UARTEx_RxEventCallback               0x080020e3   Thumb Code     2  stm32f4xx_hal_uart.o(i.HAL_UARTEx_RxEventCallback)
    HAL_UART_ErrorCallback                   0x080020e5   Thumb Code     2  stm32f4xx_hal_uart.o(i.HAL_UART_ErrorCallback)
    HAL_UART_IRQHandler                      0x080020e9   Thumb Code   772  stm32f4xx_hal_uart.o(i.HAL_UART_IRQHandler)
    HAL_UART_Init                            0x080023f1   Thumb Code   118  stm32f4xx_hal_uart.o(i.HAL_UART_Init)
    HAL_UART_MspInit                         0x08002469   Thumb Code   514  usart.o(i.HAL_UART_MspInit)
    HAL_UART_Receive_IT                      0x0800268d   Thumb Code    44  stm32f4xx_hal_uart.o(i.HAL_UART_Receive_IT)
    HAL_UART_RxCpltCallback                  0x080026b9   Thumb Code   218  stm32f4xx_it.o(i.HAL_UART_RxCpltCallback)
    HAL_UART_Transmit                        0x080027c1   Thumb Code   190  stm32f4xx_hal_uart.o(i.HAL_UART_Transmit)
    HAL_UART_TxCpltCallback                  0x0800287f   Thumb Code     2  stm32f4xx_hal_uart.o(i.HAL_UART_TxCpltCallback)
    HardFault_Handler                        0x08002881   Thumb Code     4  stm32f4xx_it.o(i.HardFault_Handler)
    MX_CAN1_Init                             0x08002885   Thumb Code    58  can.o(i.MX_CAN1_Init)
    MX_CAN2_Init                             0x080028c9   Thumb Code    58  can.o(i.MX_CAN2_Init)
    MX_GPIO_Init                             0x0800290d   Thumb Code   320  gpio.o(i.MX_GPIO_Init)
    MX_TIM2_Init                             0x08002a5d   Thumb Code   104  tim.o(i.MX_TIM2_Init)
    MX_UART7_Init                            0x08002ac9   Thumb Code    46  usart.o(i.MX_UART7_Init)
    MX_UART8_Init                            0x08002b01   Thumb Code    46  usart.o(i.MX_UART8_Init)
    MX_USART3_UART_Init                      0x08002b39   Thumb Code    46  usart.o(i.MX_USART3_UART_Init)
    MX_USART6_UART_Init                      0x08002b71   Thumb Code    46  usart.o(i.MX_USART6_UART_Init)
    MemManage_Handler                        0x08002ba9   Thumb Code     4  stm32f4xx_it.o(i.MemManage_Handler)
    NMI_Handler                              0x08002bad   Thumb Code     4  stm32f4xx_it.o(i.NMI_Handler)
    PendSV_Handler                           0x08002bb1   Thumb Code     2  stm32f4xx_it.o(i.PendSV_Handler)
    STP23L_Init                              0x08002bb5   Thumb Code    20  stp_23l.o(i.STP23L_Init)
    STP23L_RxCallback                        0x08002bd9   Thumb Code   956  stp_23l.o(i.STP23L_RxCallback)
    STP23L_UART8_Init                        0x08002fb1   Thumb Code    20  stp_23l.o(i.STP23L_UART8_Init)
    STP23L_UART8_RxCallback                  0x08002fd5   Thumb Code   956  stp_23l.o(i.STP23L_UART8_RxCallback)
    SVC_Handler                              0x080033ad   Thumb Code     2  stm32f4xx_it.o(i.SVC_Handler)
    SysTick_Handler                          0x080033af   Thumb Code     8  stm32f4xx_it.o(i.SysTick_Handler)
    SystemClock_Config                       0x080033b9   Thumb Code   170  main.o(i.SystemClock_Config)
    SystemInit                               0x0800346d   Thumb Code    14  system_stm32f4xx.o(i.SystemInit)
    TIM2_IRQHandler                          0x08003481   Thumb Code    10  stm32f4xx_it.o(i.TIM2_IRQHandler)
    TIM_Base_SetConfig                       0x08003491   Thumb Code   178  stm32f4xx_hal_tim.o(i.TIM_Base_SetConfig)
    TIM_ETR_SetConfig                        0x08003571   Thumb Code    22  stm32f4xx_hal_tim.o(i.TIM_ETR_SetConfig)
    UART7_IRQHandler                         0x080035e9   Thumb Code    10  stm32f4xx_it.o(i.UART7_IRQHandler)
    UART8_IRQHandler                         0x080035f9   Thumb Code    10  stm32f4xx_it.o(i.UART8_IRQHandler)
    UART_SendData                            0x080037a3   Thumb Code    72  communication.o(i.UART_SendData)
    UART_Start_Receive_IT                    0x08003a19   Thumb Code    64  stm32f4xx_hal_uart.o(i.UART_Start_Receive_IT)
    USART3_IRQHandler                        0x08003b45   Thumb Code    10  stm32f4xx_it.o(i.USART3_IRQHandler)
    USART6_IRQHandler                        0x08003b55   Thumb Code    10  stm32f4xx_it.o(i.USART6_IRQHandler)
    UsageFault_Handler                       0x08003b65   Thumb Code     4  stm32f4xx_it.o(i.UsageFault_Handler)
    __ARM_fpclassifyf                        0x08003b69   Thumb Code    38  fpclassifyf.o(i.__ARM_fpclassifyf)
    __hardfp_cosf                            0x08003bc9   Thumb Code   280  cosf.o(i.__hardfp_cosf)
    __hardfp_sinf                            0x08003d19   Thumb Code   344  sinf.o(i.__hardfp_sinf)
    __mathlib_flt_infnan                     0x08003ea9   Thumb Code     6  funder.o(i.__mathlib_flt_infnan)
    __mathlib_flt_invalid                    0x08003eb1   Thumb Code    10  funder.o(i.__mathlib_flt_invalid)
    __mathlib_flt_underflow                  0x08003ec1   Thumb Code    10  funder.o(i.__mathlib_flt_underflow)
    __mathlib_rredf2                         0x08003ed1   Thumb Code   316  rredf.o(i.__mathlib_rredf2)
    angle_controller_init                    0x08004025   Thumb Code    72  pid.o(i.angle_controller_init)
    can_filter_init                          0x08004071   Thumb Code    84  bsp_can.o(i.can_filter_init)
    get_chassis_motor_measure_point          0x0800416d   Thumb Code    18  can_receive.o(i.get_chassis_motor_measure_point)
    hwt101_ReceiveData                       0x08004185   Thumb Code   190  hwt101.o(i.hwt101_ReceiveData)
    main                                     0x0800425d   Thumb Code   328  main.o(i.main)
    mecanum_ecd_distance                     0x08004411   Thumb Code   274  can_receive.o(i.mecanum_ecd_distance)
    mecanum_init                             0x0800453d   Thumb Code   116  mecanum_control.o(i.mecanum_init)
    processReceivedData                      0x080045b5   Thumb Code    66  communication.o(i.processReceivedData)
    set_angle_pid                            0x08004609   Thumb Code    22  pid.o(i.set_angle_pid)
    set_speed_pid                            0x0800461f   Thumb Code    26  pid.o(i.set_speed_pid)
    set_yaw                                  0x08004639   Thumb Code    38  hwt101.o(i.set_yaw)
    speed_pid_control                        0x0800466d   Thumb Code   296  pid.o(i.speed_pid_control)
    speed_pid_init                           0x08004799   Thumb Code    72  pid.o(i.speed_pid_init)
    _fp_init                                 0x080047e5   Thumb Code    10  fpinit.o(x$fpl$fpinit)
    __fplib_config_fpu_vfp                   0x080047ed   Thumb Code     0  fpinit.o(x$fpl$fpinit)
    __fplib_config_pureend_doubles           0x080047ed   Thumb Code     0  fpinit.o(x$fpl$fpinit)
    AHBPrescTable                            0x080047ee   Data          16  system_stm32f4xx.o(.constdata)
    __I$use$fp                               0x080047ee   Number         0  usenofp.o(x$fpl$usenofp)
    APBPrescTable                            0x080047fe   Data           8  system_stm32f4xx.o(.constdata)
    Region$$Table$$Base                      0x08004828   Number         0  anon$$obj.o(Region$$Table)
    Region$$Table$$Limit                     0x08004848   Number         0  anon$$obj.o(Region$$Table)
    g_usart7_receivedata                     0x20000004   Data           1  stm32f4xx_it.o(.data)
    uart6_rx_buf                             0x20000005   Data           1  stm32f4xx_it.o(.data)
    uart8_rx_buf                             0x20000006   Data           1  stm32f4xx_it.o(.data)
    uwTick                                   0x20000008   Data           4  stm32f4xx_hal.o(.data)
    uwTickPrio                               0x2000000c   Data           4  stm32f4xx_hal.o(.data)
    uwTickFreq                               0x20000010   Data           1  stm32f4xx_hal.o(.data)
    SystemCoreClock                          0x20000014   Data           4  system_stm32f4xx.o(.data)
    can_tx_status                            0x20000018   Data           1  can_receive.o(.data)
    can_tx_mailbox                           0x2000001c   Data           4  can_receive.o(.data)
    can_rx_count                             0x20000020   Data           4  can_receive.o(.data)
    yaw                                      0x2000003c   Data           4  hwt101.o(.data)
    gd_l                                     0x20000040   Data           1  mecanum_control.o(.data)
    gd_r                                     0x20000041   Data           1  mecanum_control.o(.data)
    stp23l_distance                          0x200000a4   Data           2  stp_23l.o(.data)
    stp23l_uart8_distance                    0x200000a6   Data           2  stp_23l.o(.data)
    rxBuffer                                 0x200000b7   Data           5  communication.o(.data)
    rxIndex                                  0x200000bc   Data           1  communication.o(.data)
    rxByte                                   0x200000bd   Data           1  communication.o(.data)
    frameReceived                            0x200000be   Data           1  communication.o(.data)
    recivedata                               0x200000bf   Data           1  communication.o(.data)
    hcan1                                    0x200000c0   Data          40  can.o(.bss)
    hcan2                                    0x200000e8   Data          40  can.o(.bss)
    htim2                                    0x20000110   Data          72  tim.o(.bss)
    huart7                                   0x20000158   Data          72  usart.o(.bss)
    huart8                                   0x200001a0   Data          72  usart.o(.bss)
    huart3                                   0x200001e8   Data          72  usart.o(.bss)
    huart6                                   0x20000230   Data          72  usart.o(.bss)
    mecanum                                  0x200002fc   Data         120  mecanum_control.o(.bss)
    angle_pid_s                              0x20000374   Data          64  pid.o(.bss)
    angle_pid_t                              0x200003b4   Data          64  pid.o(.bss)
    speed_pid                                0x200003f4   Data         256  pid.o(.bss)
    pid_pitch                                0x200004f4   Data         100  pid.o(.bss)
    pid_pithch_speed                         0x20000558   Data         100  pid.o(.bss)
    pid_roll                                 0x200005bc   Data         100  pid.o(.bss)
    pid_roll_speed                           0x20000620   Data         100  pid.o(.bss)
    pid_yaw_speed                            0x20000684   Data         100  pid.o(.bss)
    __libspace_start                         0x200008c8   Data          96  libspace.o(.bss)
    __temporary_stack_top$libspace           0x20000928   Data           0  libspace.o(.bss)



==============================================================================

Memory Map of the image

  Image Entry point : 0x080001ad

  Load Region LR_IROM1 (Base: 0x08000000, Size: 0x00004908, Max: 0x00200000, ABSOLUTE)

    Execution Region ER_IROM1 (Exec base: 0x08000000, Load base: 0x08000000, Size: 0x00004848, Max: 0x00200000, ABSOLUTE)

    Exec Addr    Load Addr    Size         Type   Attr      Idx    E Section Name        Object

    0x08000000   0x08000000   0x000001ac   Data   RO            3    RESET               startup_stm32f427xx.o
    0x080001ac   0x080001ac   0x00000008   Code   RO         4092  * !!!main             c_w.l(__main.o)
    0x080001b4   0x080001b4   0x00000034   Code   RO         4322    !!!scatter          c_w.l(__scatter.o)
    0x080001e8   0x080001e8   0x0000001a   Code   RO         4324    !!handler_copy      c_w.l(__scatter_copy.o)
    0x08000202   0x08000202   0x00000002   PAD
    0x08000204   0x08000204   0x0000001c   Code   RO         4326    !!handler_zi        c_w.l(__scatter_zi.o)
    0x08000220   0x08000220   0x00000002   Code   RO         4195    .ARM.Collect$$libinit$$00000000  c_w.l(libinit.o)
    0x08000222   0x08000222   0x00000004   Code   RO         4204    .ARM.Collect$$libinit$$00000001  c_w.l(libinit2.o)
    0x08000226   0x08000226   0x00000000   Code   RO         4207    .ARM.Collect$$libinit$$00000004  c_w.l(libinit2.o)
    0x08000226   0x08000226   0x00000000   Code   RO         4210    .ARM.Collect$$libinit$$0000000A  c_w.l(libinit2.o)
    0x08000226   0x08000226   0x00000000   Code   RO         4212    .ARM.Collect$$libinit$$0000000C  c_w.l(libinit2.o)
    0x08000226   0x08000226   0x00000000   Code   RO         4214    .ARM.Collect$$libinit$$0000000E  c_w.l(libinit2.o)
    0x08000226   0x08000226   0x00000000   Code   RO         4217    .ARM.Collect$$libinit$$00000011  c_w.l(libinit2.o)
    0x08000226   0x08000226   0x00000000   Code   RO         4219    .ARM.Collect$$libinit$$00000013  c_w.l(libinit2.o)
    0x08000226   0x08000226   0x00000000   Code   RO         4221    .ARM.Collect$$libinit$$00000015  c_w.l(libinit2.o)
    0x08000226   0x08000226   0x00000000   Code   RO         4223    .ARM.Collect$$libinit$$00000017  c_w.l(libinit2.o)
    0x08000226   0x08000226   0x00000000   Code   RO         4225    .ARM.Collect$$libinit$$00000019  c_w.l(libinit2.o)
    0x08000226   0x08000226   0x00000000   Code   RO         4227    .ARM.Collect$$libinit$$0000001B  c_w.l(libinit2.o)
    0x08000226   0x08000226   0x00000000   Code   RO         4229    .ARM.Collect$$libinit$$0000001D  c_w.l(libinit2.o)
    0x08000226   0x08000226   0x00000000   Code   RO         4231    .ARM.Collect$$libinit$$0000001F  c_w.l(libinit2.o)
    0x08000226   0x08000226   0x00000000   Code   RO         4233    .ARM.Collect$$libinit$$00000021  c_w.l(libinit2.o)
    0x08000226   0x08000226   0x00000000   Code   RO         4235    .ARM.Collect$$libinit$$00000023  c_w.l(libinit2.o)
    0x08000226   0x08000226   0x00000000   Code   RO         4237    .ARM.Collect$$libinit$$00000025  c_w.l(libinit2.o)
    0x08000226   0x08000226   0x00000000   Code   RO         4241    .ARM.Collect$$libinit$$0000002C  c_w.l(libinit2.o)
    0x08000226   0x08000226   0x00000000   Code   RO         4243    .ARM.Collect$$libinit$$0000002E  c_w.l(libinit2.o)
    0x08000226   0x08000226   0x00000000   Code   RO         4245    .ARM.Collect$$libinit$$00000030  c_w.l(libinit2.o)
    0x08000226   0x08000226   0x00000000   Code   RO         4247    .ARM.Collect$$libinit$$00000032  c_w.l(libinit2.o)
    0x08000226   0x08000226   0x00000002   Code   RO         4248    .ARM.Collect$$libinit$$00000033  c_w.l(libinit2.o)
    0x08000228   0x08000228   0x00000002   Code   RO         4279    .ARM.Collect$$libshutdown$$00000000  c_w.l(libshutdown.o)
    0x0800022a   0x0800022a   0x00000000   Code   RO         4305    .ARM.Collect$$libshutdown$$00000002  c_w.l(libshutdown2.o)
    0x0800022a   0x0800022a   0x00000000   Code   RO         4307    .ARM.Collect$$libshutdown$$00000004  c_w.l(libshutdown2.o)
    0x0800022a   0x0800022a   0x00000000   Code   RO         4310    .ARM.Collect$$libshutdown$$00000007  c_w.l(libshutdown2.o)
    0x0800022a   0x0800022a   0x00000000   Code   RO         4313    .ARM.Collect$$libshutdown$$0000000A  c_w.l(libshutdown2.o)
    0x0800022a   0x0800022a   0x00000000   Code   RO         4315    .ARM.Collect$$libshutdown$$0000000C  c_w.l(libshutdown2.o)
    0x0800022a   0x0800022a   0x00000000   Code   RO         4318    .ARM.Collect$$libshutdown$$0000000F  c_w.l(libshutdown2.o)
    0x0800022a   0x0800022a   0x00000002   Code   RO         4319    .ARM.Collect$$libshutdown$$00000010  c_w.l(libshutdown2.o)
    0x0800022c   0x0800022c   0x00000000   Code   RO         4130    .ARM.Collect$$rtentry$$00000000  c_w.l(__rtentry.o)
    0x0800022c   0x0800022c   0x00000000   Code   RO         4158    .ARM.Collect$$rtentry$$00000002  c_w.l(__rtentry2.o)
    0x0800022c   0x0800022c   0x00000006   Code   RO         4170    .ARM.Collect$$rtentry$$00000004  c_w.l(__rtentry4.o)
    0x08000232   0x08000232   0x00000000   Code   RO         4160    .ARM.Collect$$rtentry$$00000009  c_w.l(__rtentry2.o)
    0x08000232   0x08000232   0x00000004   Code   RO         4161    .ARM.Collect$$rtentry$$0000000A  c_w.l(__rtentry2.o)
    0x08000236   0x08000236   0x00000000   Code   RO         4163    .ARM.Collect$$rtentry$$0000000C  c_w.l(__rtentry2.o)
    0x08000236   0x08000236   0x00000008   Code   RO         4164    .ARM.Collect$$rtentry$$0000000D  c_w.l(__rtentry2.o)
    0x0800023e   0x0800023e   0x00000002   Code   RO         4196    .ARM.Collect$$rtexit$$00000000  c_w.l(rtexit.o)
    0x08000240   0x08000240   0x00000000   Code   RO         4252    .ARM.Collect$$rtexit$$00000002  c_w.l(rtexit2.o)
    0x08000240   0x08000240   0x00000004   Code   RO         4253    .ARM.Collect$$rtexit$$00000003  c_w.l(rtexit2.o)
    0x08000244   0x08000244   0x00000006   Code   RO         4254    .ARM.Collect$$rtexit$$00000004  c_w.l(rtexit2.o)
    0x0800024a   0x0800024a   0x00000002   PAD
    0x0800024c   0x0800024c   0x00000040   Code   RO            4    .text               startup_stm32f427xx.o
    0x0800028c   0x0800028c   0x000000ee   Code   RO         4086    .text               c_w.l(lludivv7m.o)
    0x0800037a   0x0800037a   0x0000004e   Code   RO         4088    .text               c_w.l(rt_memclr_w.o)
    0x080003c8   0x080003c8   0x00000006   Code   RO         4090    .text               c_w.l(heapauxi.o)
    0x080003ce   0x080003ce   0x00000016   Code   RO         4135    .text               c_w.l(_rserrno.o)
    0x080003e4   0x080003e4   0x00000008   Code   RO         4177    .text               c_w.l(rt_errno_addr_intlibspace.o)
    0x080003ec   0x080003ec   0x00000008   Code   RO         4179    .text               c_w.l(libspace.o)
    0x080003f4   0x080003f4   0x0000004a   Code   RO         4182    .text               c_w.l(sys_stackheap_outer.o)
    0x0800043e   0x0800043e   0x00000012   Code   RO         4184    .text               c_w.l(exit.o)
    0x08000450   0x08000450   0x0000000c   Code   RO         4249    .text               c_w.l(sys_exit.o)
    0x0800045c   0x0800045c   0x00000002   Code   RO         4268    .text               c_w.l(use_no_semi.o)
    0x0800045e   0x0800045e   0x00000000   Code   RO         4270    .text               c_w.l(indicate_semi.o)
    0x0800045e   0x0800045e   0x00000004   Code   RO          387    i.BusFault_Handler  stm32f4xx_it.o
    0x08000462   0x08000462   0x00000002   PAD
    0x08000464   0x08000464   0x00000010   Code   RO          388    i.CAN1_RX0_IRQHandler  stm32f4xx_it.o
    0x08000474   0x08000474   0x00000050   Code   RO         3576    i.CAN_cmd_chassis   can_receive.o
    0x080004c4   0x080004c4   0x00000002   Code   RO          389    i.DebugMon_Handler  stm32f4xx_it.o
    0x080004c6   0x080004c6   0x00000006   Code   RO           13    i.Error_Handler     main.o
    0x080004cc   0x080004cc   0x0000002a   Code   RO          662    i.HAL_CAN_ActivateNotification  stm32f4xx_hal_can.o
    0x080004f6   0x080004f6   0x0000014a   Code   RO          663    i.HAL_CAN_AddTxMessage  stm32f4xx_hal_can.o
    0x08000640   0x08000640   0x00000120   Code   RO          664    i.HAL_CAN_ConfigFilter  stm32f4xx_hal_can.o
    0x08000760   0x08000760   0x00000002   Code   RO          667    i.HAL_CAN_ErrorCallback  stm32f4xx_hal_can.o
    0x08000762   0x08000762   0x00000194   Code   RO          670    i.HAL_CAN_GetRxMessage  stm32f4xx_hal_can.o
    0x080008f6   0x080008f6   0x0000024e   Code   RO          674    i.HAL_CAN_IRQHandler  stm32f4xx_hal_can.o
    0x08000b44   0x08000b44   0x00000174   Code   RO          675    i.HAL_CAN_Init      stm32f4xx_hal_can.o
    0x08000cb8   0x08000cb8   0x00000154   Code   RO          237    i.HAL_CAN_MspInit   can.o
    0x08000e0c   0x08000e0c   0x00000002   Code   RO          682    i.HAL_CAN_RxFifo0FullCallback  stm32f4xx_hal_can.o
    0x08000e0e   0x08000e0e   0x00000002   PAD
    0x08000e10   0x08000e10   0x000000e8   Code   RO         3579    i.HAL_CAN_RxFifo0MsgPendingCallback  can_receive.o
    0x08000ef8   0x08000ef8   0x00000002   Code   RO          684    i.HAL_CAN_RxFifo1FullCallback  stm32f4xx_hal_can.o
    0x08000efa   0x08000efa   0x00000002   Code   RO          685    i.HAL_CAN_RxFifo1MsgPendingCallback  stm32f4xx_hal_can.o
    0x08000efc   0x08000efc   0x00000002   Code   RO          686    i.HAL_CAN_SleepCallback  stm32f4xx_hal_can.o
    0x08000efe   0x08000efe   0x0000005e   Code   RO          687    i.HAL_CAN_Start     stm32f4xx_hal_can.o
    0x08000f5c   0x08000f5c   0x00000002   Code   RO          689    i.HAL_CAN_TxMailbox0AbortCallback  stm32f4xx_hal_can.o
    0x08000f5e   0x08000f5e   0x00000002   Code   RO          690    i.HAL_CAN_TxMailbox0CompleteCallback  stm32f4xx_hal_can.o
    0x08000f60   0x08000f60   0x00000002   Code   RO          691    i.HAL_CAN_TxMailbox1AbortCallback  stm32f4xx_hal_can.o
    0x08000f62   0x08000f62   0x00000002   Code   RO          692    i.HAL_CAN_TxMailbox1CompleteCallback  stm32f4xx_hal_can.o
    0x08000f64   0x08000f64   0x00000002   Code   RO          693    i.HAL_CAN_TxMailbox2AbortCallback  stm32f4xx_hal_can.o
    0x08000f66   0x08000f66   0x00000002   Code   RO          694    i.HAL_CAN_TxMailbox2CompleteCallback  stm32f4xx_hal_can.o
    0x08000f68   0x08000f68   0x00000002   Code   RO          696    i.HAL_CAN_WakeUpFromRxMsgCallback  stm32f4xx_hal_can.o
    0x08000f6a   0x08000f6a   0x000000ac   Code   RO         1459    i.HAL_DMA_Abort     stm32f4xx_hal_dma.o
    0x08001016   0x08001016   0x00000028   Code   RO         1460    i.HAL_DMA_Abort_IT  stm32f4xx_hal_dma.o
    0x0800103e   0x0800103e   0x00000002   PAD
    0x08001040   0x08001040   0x00000028   Code   RO         1919    i.HAL_Delay         stm32f4xx_hal.o
    0x08001068   0x08001068   0x00000210   Code   RO         1352    i.HAL_GPIO_Init     stm32f4xx_hal_gpio.o
    0x08001278   0x08001278   0x00000014   Code   RO         1355    i.HAL_GPIO_TogglePin  stm32f4xx_hal_gpio.o
    0x0800128c   0x0800128c   0x0000000c   Code   RO         1356    i.HAL_GPIO_WritePin  stm32f4xx_hal_gpio.o
    0x08001298   0x08001298   0x0000000c   Code   RO         1927    i.HAL_GetTick       stm32f4xx_hal.o
    0x080012a4   0x080012a4   0x00000018   Code   RO         1933    i.HAL_IncTick       stm32f4xx_hal.o
    0x080012bc   0x080012bc   0x0000003c   Code   RO         1934    i.HAL_Init          stm32f4xx_hal.o
    0x080012f8   0x080012f8   0x0000004c   Code   RO         1935    i.HAL_InitTick      stm32f4xx_hal.o
    0x08001344   0x08001344   0x00000048   Code   RO          637    i.HAL_MspInit       stm32f4xx_hal_msp.o
    0x0800138c   0x0800138c   0x00000028   Code   RO         1762    i.HAL_NVIC_EnableIRQ  stm32f4xx_hal_cortex.o
    0x080013b4   0x080013b4   0x0000007c   Code   RO         1768    i.HAL_NVIC_SetPriority  stm32f4xx_hal_cortex.o
    0x08001430   0x08001430   0x00000028   Code   RO         1769    i.HAL_NVIC_SetPriorityGrouping  stm32f4xx_hal_cortex.o
    0x08001458   0x08001458   0x00000184   Code   RO          896    i.HAL_RCC_ClockConfig  stm32f4xx_hal_rcc.o
    0x080015dc   0x080015dc   0x0000000c   Code   RO          901    i.HAL_RCC_GetHCLKFreq  stm32f4xx_hal_rcc.o
    0x080015e8   0x080015e8   0x00000020   Code   RO          903    i.HAL_RCC_GetPCLK1Freq  stm32f4xx_hal_rcc.o
    0x08001608   0x08001608   0x00000020   Code   RO          904    i.HAL_RCC_GetPCLK2Freq  stm32f4xx_hal_rcc.o
    0x08001628   0x08001628   0x000000b0   Code   RO          905    i.HAL_RCC_GetSysClockFreq  stm32f4xx_hal_rcc.o
    0x080016d8   0x080016d8   0x0000049c   Code   RO          908    i.HAL_RCC_OscConfig  stm32f4xx_hal_rcc.o
    0x08001b74   0x08001b74   0x00000034   Code   RO         1773    i.HAL_SYSTICK_Config  stm32f4xx_hal_cortex.o
    0x08001ba8   0x08001ba8   0x00000002   Code   RO         2899    i.HAL_TIMEx_BreakCallback  stm32f4xx_hal_tim_ex.o
    0x08001baa   0x08001baa   0x00000002   Code   RO         2900    i.HAL_TIMEx_CommutCallback  stm32f4xx_hal_tim_ex.o
    0x08001bac   0x08001bac   0x000000b4   Code   RO         2918    i.HAL_TIMEx_MasterConfigSynchronization  stm32f4xx_hal_tim_ex.o
    0x08001c60   0x08001c60   0x00000066   Code   RO         2184    i.HAL_TIM_Base_Init  stm32f4xx_hal_tim.o
    0x08001cc6   0x08001cc6   0x00000002   PAD
    0x08001cc8   0x08001cc8   0x00000044   Code   RO          286    i.HAL_TIM_Base_MspInit  tim.o
    0x08001d0c   0x08001d0c   0x000000a8   Code   RO         2189    i.HAL_TIM_Base_Start_IT  stm32f4xx_hal_tim.o
    0x08001db4   0x08001db4   0x0000010c   Code   RO         2193    i.HAL_TIM_ConfigClockSource  stm32f4xx_hal_tim.o
    0x08001ec0   0x08001ec0   0x00000002   Code   RO         2218    i.HAL_TIM_IC_CaptureCallback  stm32f4xx_hal_tim.o
    0x08001ec2   0x08001ec2   0x0000016c   Code   RO         2232    i.HAL_TIM_IRQHandler  stm32f4xx_hal_tim.o
    0x0800202e   0x0800202e   0x00000002   Code   RO         2235    i.HAL_TIM_OC_DelayElapsedCallback  stm32f4xx_hal_tim.o
    0x08002030   0x08002030   0x00000002   Code   RO         2262    i.HAL_TIM_PWM_PulseFinishedCallback  stm32f4xx_hal_tim.o
    0x08002032   0x08002032   0x00000002   PAD
    0x08002034   0x08002034   0x000000ac   Code   RO          390    i.HAL_TIM_PeriodElapsedCallback  stm32f4xx_it.o
    0x080020e0   0x080020e0   0x00000002   Code   RO         2275    i.HAL_TIM_TriggerCallback  stm32f4xx_hal_tim.o
    0x080020e2   0x080020e2   0x00000002   Code   RO         3178    i.HAL_UARTEx_RxEventCallback  stm32f4xx_hal_uart.o
    0x080020e4   0x080020e4   0x00000002   Code   RO         3192    i.HAL_UART_ErrorCallback  stm32f4xx_hal_uart.o
    0x080020e6   0x080020e6   0x00000002   PAD
    0x080020e8   0x080020e8   0x00000308   Code   RO         3195    i.HAL_UART_IRQHandler  stm32f4xx_hal_uart.o
    0x080023f0   0x080023f0   0x00000076   Code   RO         3196    i.HAL_UART_Init     stm32f4xx_hal_uart.o
    0x08002466   0x08002466   0x00000002   PAD
    0x08002468   0x08002468   0x00000224   Code   RO          328    i.HAL_UART_MspInit  usart.o
    0x0800268c   0x0800268c   0x0000002c   Code   RO         3201    i.HAL_UART_Receive_IT  stm32f4xx_hal_uart.o
    0x080026b8   0x080026b8   0x00000108   Code   RO          391    i.HAL_UART_RxCpltCallback  stm32f4xx_it.o
    0x080027c0   0x080027c0   0x000000be   Code   RO         3204    i.HAL_UART_Transmit  stm32f4xx_hal_uart.o
    0x0800287e   0x0800287e   0x00000002   Code   RO         3207    i.HAL_UART_TxCpltCallback  stm32f4xx_hal_uart.o
    0x08002880   0x08002880   0x00000004   Code   RO          392    i.HardFault_Handler  stm32f4xx_it.o
    0x08002884   0x08002884   0x00000044   Code   RO          238    i.MX_CAN1_Init      can.o
    0x080028c8   0x080028c8   0x00000044   Code   RO          239    i.MX_CAN2_Init      can.o
    0x0800290c   0x0800290c   0x00000150   Code   RO          212    i.MX_GPIO_Init      gpio.o
    0x08002a5c   0x08002a5c   0x0000006c   Code   RO          287    i.MX_TIM2_Init      tim.o
    0x08002ac8   0x08002ac8   0x00000038   Code   RO          329    i.MX_UART7_Init     usart.o
    0x08002b00   0x08002b00   0x00000038   Code   RO          330    i.MX_UART8_Init     usart.o
    0x08002b38   0x08002b38   0x00000038   Code   RO          331    i.MX_USART3_UART_Init  usart.o
    0x08002b70   0x08002b70   0x00000038   Code   RO          332    i.MX_USART6_UART_Init  usart.o
    0x08002ba8   0x08002ba8   0x00000004   Code   RO          393    i.MemManage_Handler  stm32f4xx_it.o
    0x08002bac   0x08002bac   0x00000004   Code   RO          394    i.NMI_Handler       stm32f4xx_it.o
    0x08002bb0   0x08002bb0   0x00000002   Code   RO          395    i.PendSV_Handler    stm32f4xx_it.o
    0x08002bb2   0x08002bb2   0x00000002   PAD
    0x08002bb4   0x08002bb4   0x00000024   Code   RO         3939    i.STP23L_Init       stp_23l.o
    0x08002bd8   0x08002bd8   0x000003d8   Code   RO         3940    i.STP23L_RxCallback  stp_23l.o
    0x08002fb0   0x08002fb0   0x00000024   Code   RO         3941    i.STP23L_UART8_Init  stp_23l.o
    0x08002fd4   0x08002fd4   0x000003d8   Code   RO         3942    i.STP23L_UART8_RxCallback  stp_23l.o
    0x080033ac   0x080033ac   0x00000002   Code   RO          396    i.SVC_Handler       stm32f4xx_it.o
    0x080033ae   0x080033ae   0x00000008   Code   RO          397    i.SysTick_Handler   stm32f4xx_it.o
    0x080033b6   0x080033b6   0x00000002   PAD
    0x080033b8   0x080033b8   0x000000b4   Code   RO           14    i.SystemClock_Config  main.o
    0x0800346c   0x0800346c   0x00000014   Code   RO         3540    i.SystemInit        system_stm32f4xx.o
    0x08003480   0x08003480   0x00000010   Code   RO          398    i.TIM2_IRQHandler   stm32f4xx_it.o
    0x08003490   0x08003490   0x000000e0   Code   RO         2277    i.TIM_Base_SetConfig  stm32f4xx_hal_tim.o
    0x08003570   0x08003570   0x00000016   Code   RO         2288    i.TIM_ETR_SetConfig  stm32f4xx_hal_tim.o
    0x08003586   0x08003586   0x00000012   Code   RO         2289    i.TIM_ITRx_SetConfig  stm32f4xx_hal_tim.o
    0x08003598   0x08003598   0x00000026   Code   RO         2295    i.TIM_TI1_ConfigInputStage  stm32f4xx_hal_tim.o
    0x080035be   0x080035be   0x00000028   Code   RO         2297    i.TIM_TI2_ConfigInputStage  stm32f4xx_hal_tim.o
    0x080035e6   0x080035e6   0x00000002   PAD
    0x080035e8   0x080035e8   0x00000010   Code   RO          399    i.UART7_IRQHandler  stm32f4xx_it.o
    0x080035f8   0x080035f8   0x00000010   Code   RO          400    i.UART8_IRQHandler  stm32f4xx_it.o
    0x08003608   0x08003608   0x00000012   Code   RO         3209    i.UART_DMAAbortOnError  stm32f4xx_hal_uart.o
    0x0800361a   0x0800361a   0x0000006c   Code   RO         3219    i.UART_EndRxTransfer  stm32f4xx_hal_uart.o
    0x08003686   0x08003686   0x00000020   Code   RO         3220    i.UART_EndTransmit_IT  stm32f4xx_hal_uart.o
    0x080036a6   0x080036a6   0x000000fc   Code   RO         3222    i.UART_Receive_IT   stm32f4xx_hal_uart.o
    0x080037a2   0x080037a2   0x00000048   Code   RO         4026    i.UART_SendData     communication.o
    0x080037ea   0x080037ea   0x00000002   PAD
    0x080037ec   0x080037ec   0x0000022c   Code   RO         3223    i.UART_SetConfig    stm32f4xx_hal_uart.o
    0x08003a18   0x08003a18   0x00000040   Code   RO         3225    i.UART_Start_Receive_IT  stm32f4xx_hal_uart.o
    0x08003a58   0x08003a58   0x00000060   Code   RO         3226    i.UART_Transmit_IT  stm32f4xx_hal_uart.o
    0x08003ab8   0x08003ab8   0x0000008c   Code   RO         3227    i.UART_WaitOnFlagUntilTimeout  stm32f4xx_hal_uart.o
    0x08003b44   0x08003b44   0x00000010   Code   RO          401    i.USART3_IRQHandler  stm32f4xx_it.o
    0x08003b54   0x08003b54   0x00000010   Code   RO          402    i.USART6_IRQHandler  stm32f4xx_it.o
    0x08003b64   0x08003b64   0x00000004   Code   RO          403    i.UsageFault_Handler  stm32f4xx_it.o
    0x08003b68   0x08003b68   0x00000026   Code   RO         4138    i.__ARM_fpclassifyf  m_wm.l(fpclassifyf.o)
    0x08003b8e   0x08003b8e   0x00000002   PAD
    0x08003b90   0x08003b90   0x00000010   Code   RO         1775    i.__NVIC_GetPriorityGrouping  stm32f4xx_hal_cortex.o
    0x08003ba0   0x08003ba0   0x00000028   Code   RO         1776    i.__NVIC_SetPriority  stm32f4xx_hal_cortex.o
    0x08003bc8   0x08003bc8   0x00000150   Code   RO         4094    i.__hardfp_cosf     m_wm.l(cosf.o)
    0x08003d18   0x08003d18   0x00000190   Code   RO         4106    i.__hardfp_sinf     m_wm.l(sinf.o)
    0x08003ea8   0x08003ea8   0x00000006   Code   RO         4141    i.__mathlib_flt_infnan  m_wm.l(funder.o)
    0x08003eae   0x08003eae   0x00000002   PAD
    0x08003eb0   0x08003eb0   0x00000010   Code   RO         4143    i.__mathlib_flt_invalid  m_wm.l(funder.o)
    0x08003ec0   0x08003ec0   0x00000010   Code   RO         4146    i.__mathlib_flt_underflow  m_wm.l(funder.o)
    0x08003ed0   0x08003ed0   0x00000154   Code   RO         4154    i.__mathlib_rredf2  m_wm.l(rredf.o)
    0x08004024   0x08004024   0x0000004c   Code   RO         3845    i.angle_controller_init  pid.o
    0x08004070   0x08004070   0x0000005c   Code   RO         4059    i.can_filter_init   bsp_can.o
    0x080040cc   0x080040cc   0x00000050   Code   RO         3943    i.data_process      stp_23l.o
    0x0800411c   0x0800411c   0x00000050   Code   RO         3944    i.data_process_uart8  stp_23l.o
    0x0800416c   0x0800416c   0x00000018   Code   RO         3580    i.get_chassis_motor_measure_point  can_receive.o
    0x08004184   0x08004184   0x000000d8   Code   RO         3679    i.hwt101_ReceiveData  hwt101.o
    0x0800425c   0x0800425c   0x000001b4   Code   RO           15    i.main              main.o
    0x08004410   0x08004410   0x0000012c   Code   RO         3584    i.mecanum_ecd_distance  can_receive.o
    0x0800453c   0x0800453c   0x00000078   Code   RO         3723    i.mecanum_init      mecanum_control.o
    0x080045b4   0x080045b4   0x00000054   Code   RO         4027    i.processReceivedData  communication.o
    0x08004608   0x08004608   0x00000016   Code   RO         3850    i.set_angle_pid     pid.o
    0x0800461e   0x0800461e   0x0000001a   Code   RO         3852    i.set_speed_pid     pid.o
    0x08004638   0x08004638   0x00000034   Code   RO         3681    i.set_yaw           hwt101.o
    0x0800466c   0x0800466c   0x0000012c   Code   RO         3854    i.speed_pid_control  pid.o
    0x08004798   0x08004798   0x0000004c   Code   RO         3855    i.speed_pid_init    pid.o
    0x080047e4   0x080047e4   0x0000000a   Code   RO         4264    x$fpl$fpinit        fz_wm.l(fpinit.o)
    0x080047ee   0x080047ee   0x00000000   Code   RO         4137    x$fpl$usenofp       fz_wm.l(usenofp.o)
    0x080047ee   0x080047ee   0x00000018   Data   RO         3541    .constdata          system_stm32f4xx.o
    0x08004806   0x08004806   0x00000002   PAD
    0x08004808   0x08004808   0x00000020   Data   RO         4155    .constdata          m_wm.l(rredf.o)
    0x08004828   0x08004828   0x00000020   Data   RO         4320    Region$$Table       anon$$obj.o


    Execution Region RW_IRAM2 (Exec base: 0x10000000, Load base: 0x08004908, Size: 0x00000000, Max: 0x00010000, ABSOLUTE)

    **** No section assigned to this execution region ****


    Execution Region RW_IRAM1 (Exec base: 0x20000000, Load base: 0x08004848, Size: 0x00000f28, Max: 0x00030000, ABSOLUTE)

    Exec Addr    Load Addr    Size         Type   Attr      Idx    E Section Name        Object

    0x20000000   0x08004848   0x00000004   Data   RW          241    .data               can.o
    0x20000004   0x0800484c   0x00000003   Data   RW          404    .data               stm32f4xx_it.o
    0x20000007   0x0800484f   0x00000001   PAD
    0x20000008   0x08004850   0x00000009   Data   RW         1941    .data               stm32f4xx_hal.o
    0x20000011   0x08004859   0x00000003   PAD
    0x20000014   0x0800485c   0x00000004   Data   RW         3542    .data               system_stm32f4xx.o
    0x20000018   0x08004860   0x0000001d   Data   RW         3586    .data               can_receive.o
    0x20000035   0x0800487d   0x00000003   PAD
    0x20000038   0x08004880   0x00000008   Data   RW         3683    .data               hwt101.o
    0x20000040   0x08004888   0x00000064   Data   RW         3739    .data               mecanum_control.o
    0x200000a4   0x080048ec   0x00000013   Data   RW         3946    .data               stp_23l.o
    0x200000b7   0x080048ff   0x00000009   Data   RW         4028    .data               communication.o
    0x200000c0        -       0x00000050   Zero   RW          240    .bss                can.o
    0x20000110        -       0x00000048   Zero   RW          288    .bss                tim.o
    0x20000158        -       0x00000120   Zero   RW          333    .bss                usart.o
    0x20000278        -       0x00000078   Zero   RW         3585    .bss                can_receive.o
    0x200002f0        -       0x0000000b   Zero   RW         3682    .bss                hwt101.o
    0x200002fb   0x08004908   0x00000001   PAD
    0x200002fc        -       0x00000078   Zero   RW         3738    .bss                mecanum_control.o
    0x20000374        -       0x00000374   Zero   RW         3856    .bss                pid.o
    0x200006e8        -       0x000001e0   Zero   RW         3945    .bss                stp_23l.o
    0x200008c8        -       0x00000060   Zero   RW         4180    .bss                c_w.l(libspace.o)
    0x20000928        -       0x00000200   Zero   RW            2    HEAP                startup_stm32f427xx.o
    0x20000b28        -       0x00000400   Zero   RW            1    STACK               startup_stm32f427xx.o


==============================================================================

Image component sizes


      Code (inc. data)   RO Data    RW Data    ZI Data      Debug   Object Name

        92          8          0          0          0        586   bsp_can.o
       476         46          0          4         80       2442   can.o
       636         68          0         29        120       7897   can_receive.o
       156         18          0          9          0       2249   communication.o
       336         16          0          0          0       1131   gpio.o
       268         40          0          8         11       1905   hwt101.o
       622        118          0          0          0     755919   main.o
       120          4          0        100        120       9748   mecanum_control.o
       500         12          0          0        884       5637   pid.o
        64         26        428          0       1536        840   startup_stm32f427xx.o
       212         36          0          9          0       9641   stm32f4xx_hal.o
      2144          4          0          0          0      14631   stm32f4xx_hal_can.o
       312         22          0          0          0      34419   stm32f4xx_hal_cortex.o
       212          0          0          0          0       1991   stm32f4xx_hal_dma.o
       560         54          0          0          0       2821   stm32f4xx_hal_gpio.o
        72          4          0          0          0        854   stm32f4xx_hal_msp.o
      1820         84          0          0          0       5724   stm32f4xx_hal_rcc.o
      1252         76          0          0          0       9991   stm32f4xx_hal_tim.o
       184         30          0          0          0       2577   stm32f4xx_hal_tim_ex.o
      2400         14          0          0          0      12740   stm32f4xx_hal_uart.o
       566         96          0          3          0     679549   stm32f4xx_it.o
      2200        160          0         19        480       5976   stp_23l.o
        20          6         24          4          0       1143   system_stm32f4xx.o
       176         10          0          0         72       1702   tim.o
       772         74          0          0        288       3709   usart.o

    ----------------------------------------------------------------------
     16194       1026        486        192       3592    1575822   Object Totals
         0          0         32          0          0          0   (incl. Generated)
        22          0          2          7          1          0   (incl. Padding)

    ----------------------------------------------------------------------

      Code (inc. data)   RO Data    RW Data    ZI Data      Debug   Library Member Name

         8          0          0          0          0         68   __main.o
         0          0          0          0          0          0   __rtentry.o
        12          0          0          0          0          0   __rtentry2.o
         6          0          0          0          0          0   __rtentry4.o
        52          8          0          0          0          0   __scatter.o
        26          0          0          0          0          0   __scatter_copy.o
        28          0          0          0          0          0   __scatter_zi.o
        22          0          0          0          0        100   _rserrno.o
        18          0          0          0          0         80   exit.o
         6          0          0          0          0        152   heapauxi.o
         0          0          0          0          0          0   indicate_semi.o
         2          0          0          0          0          0   libinit.o
         6          0          0          0          0          0   libinit2.o
         2          0          0          0          0          0   libshutdown.o
         2          0          0          0          0          0   libshutdown2.o
         8          4          0          0         96         68   libspace.o
       238          0          0          0          0        100   lludivv7m.o
         8          4          0          0          0         68   rt_errno_addr_intlibspace.o
        78          0          0          0          0         80   rt_memclr_w.o
         2          0          0          0          0          0   rtexit.o
        10          0          0          0          0          0   rtexit2.o
        12          4          0          0          0         68   sys_exit.o
        74          0          0          0          0         80   sys_stackheap_outer.o
         2          0          0          0          0         68   use_no_semi.o
        10          0          0          0          0        116   fpinit.o
         0          0          0          0          0          0   usenofp.o
       336         56          0          0          0        136   cosf.o
        38          0          0          0          0        116   fpclassifyf.o
        38         12          0          0          0        348   funder.o
       340         24         32          0          0        160   rredf.o
       400         56          0          0          0        212   sinf.o

    ----------------------------------------------------------------------
      1792        168         32          0         96       2020   Library Totals
         8          0          0          0          0          0   (incl. Padding)

    ----------------------------------------------------------------------

      Code (inc. data)   RO Data    RW Data    ZI Data      Debug   Library Name

       622         20          0          0         96        932   c_w.l
        10          0          0          0          0        116   fz_wm.l
      1152        148         32          0          0        972   m_wm.l

    ----------------------------------------------------------------------
      1792        168         32          0         96       2020   Library Totals

    ----------------------------------------------------------------------

==============================================================================


      Code (inc. data)   RO Data    RW Data    ZI Data      Debug   

     17986       1194        518        192       3688    1565478   Grand Totals
     17986       1194        518        192       3688    1565478   ELF Image Totals
     17986       1194        518        192          0          0   ROM Totals

==============================================================================

    Total RO  Size (Code + RO Data)                18504 (  18.07kB)
    Total RW  Size (RW Data + ZI Data)              3880 (   3.79kB)
    Total ROM Size (Code + RO Data + RW Data)      18696 (  18.26kB)

==============================================================================

